<html>
<body>
<pre>
<h1>µVision Build Log</h1>
<h2>Tool Versions:</h2>
IDE-Version: ¦ÌVision V5.24.2.0
Copyright (C) 2017 ARM Ltd and ARM Germany GmbH. All rights reserved.
License Information: jimmy liao, ursalink, LIC=PE7X7-EL1HP-DW42I-TMJWG-2BWKV-WCE1J
 
Tool Versions:
Toolchain:       MDK-ARM Plus  Version: 5.24.1
Toolchain Path:  D:\KEIL5\install\ARM\ARMCC\Bin
C Compiler:      Armcc.exe V5.06 update 5 (build 528)
Assembler:       Armasm.exe V5.06 update 5 (build 528)
Linker/Locator:  ArmLink.exe V5.06 update 5 (build 528)
Library Manager: ArmAr.exe V5.06 update 5 (build 528)
Hex Converter:   FromElf.exe V5.06 update 5 (build 528)
CPU DLL:         SARMCM3.DLL V5.24.1
Dialog DLL:      DARMCM1.DLL V1.18.0.0
Target DLL:      STLink\ST-LINKIII-KEIL_SWO.dll V3.0.1.0
Dialog DLL:      TARMCM1.DLL V1.13.0.0
 
<h2>Project:</h2>
E:\STM32\summary\modbus\source\slave\UN00-01-modbus-slave-only\MDK-ARM\UN00-01.uvprojx
Project File Date:  06/16/2019

<h2>Output:</h2>
*** Using Compiler 'V5.06 update 5 (build 528)', folder: 'D:\KEIL5\install\ARM\ARMCC\Bin'
Build target 'UN00-01'
assembling startup_stm32l072xx.s...
compiling stm32l0xx_hal_tim_ex.c...
compiling system_stm32l0xx.c...
compiling stm32l0xx_hal_tim.c...
compiling stm32l0xx_hal_flash_ramfunc.c...
compiling stm32l0xx_hal_flash_ex.c...
compiling stm32l0xx_hal_gpio.c...
compiling stm32l0xx_hal_dma.c...
compiling stm32l0xx_hal_rcc_ex.c...
compiling stm32l0xx_hal_uart.c...
compiling stm32l0xx_hal_pwr.c...
compiling stm32l0xx_hal_iwdg.c...
compiling stm32l0xx_hal_spi.c...
compiling stm32l0xx_hal_flash.c...
compiling stm32l0xx_hal_cortex.c...
compiling stm32l0xx_hal_pwr_ex.c...
compiling stm32l0xx_hal_i2c_ex.c...
compiling stm32l0xx_hal.c...
compiling stm32l0xx_hal_rcc.c...
compiling stm32l0xx_hal_uart_ex.c...
compiling gpio.c...
compiling stm32l0xx_hal_i2c.c...
compiling spi.c...
compiling main.c...
compiling usart.c...
compiling tim.c...
compiling stm32l0xx_it.c...
compiling stm32l0xx_hal_msp.c...
compiling dma.c...
compiling iwdg.c...
compiling cp2102.c...
compiling mbcrc.c...
compiling led.c...
compiling debug.c...
compiling portevent.c...
compiling porttimer.c...
compiling portserial.c...
compiling mbfuncdiag.c...
compiling mbfunccoils.c...
compiling mbfuncdisc.c...
compiling mbfuncholding.c...
compiling mbfuncinput.c...
compiling mbutils.c...
compiling mbfuncother.c...
compiling mbrtu.c...
..\Additional\freemodbus\modbus\rtu\mbrtu.c(152): warning:  #550-D: variable "xFrameReceived"  was set but never used
      BOOL            xFrameReceived = FALSE;
..\Additional\freemodbus\modbus\rtu\mbrtu.c: 1 warning, 0 errors
compiling mb.c...
linking...
Program Size: Code=14084 RO-data=772 RW-data=244 ZI-data=2220  
After Build - User command #1: fromelf.exe --bin -o "UN00-01\UN00-01.bin" "UN00-01\UN00-01.axf"
"UN00-01\UN00-01.axf" - 0 Error(s), 1 Warning(s).

<h2>Software Packages used:</h2>

Package Vendor: ARM
                http://www.keil.com/pack/ARM.CMSIS.5.4.0.pack
                ARM.CMSIS.5.4.0
                CMSIS (Cortex Microcontroller Software Interface Standard)
   * Component: CORE Version: 5.1.2

Package Vendor: Keil
                http://www.keil.com/pack/Keil.STM32L0xx_DFP.2.0.0.pack
                Keil.STM32L0xx_DFP.2.0.0
                STMicroelectronics STM32L0 Series Device Support, Drivers and Examples

<h2>Collection of Component include folders:</h2>
  .\RTE\_UN00-01
  D:\KEIL5\install\ARM\PACK\ARM\CMSIS\5.4.0\CMSIS\Core\Include
  D:\KEIL5\install\ARM\PACK\Keil\STM32L0xx_DFP\2.0.0\Drivers\CMSIS\Device\ST\STM32L0xx\Include

<h2>Collection of Component Files used:</h2>

   * Component: ARM::CMSIS:CORE:5.1.2
Build Time Elapsed:  00:00:18
</pre>
</body>
</html>
