Component: ARM Compiler 5.06 update 5 (build 528) Tool: armlink [4d35e2]

==============================================================================

Section Cross References

    system_stm32l4xx.o(i.SystemCoreClockUpdate) refers to system_stm32l4xx.o(.constdata) for .constdata
    system_stm32l4xx.o(i.SystemCoreClockUpdate) refers to system_stm32l4xx.o(.data) for .data
    stm32l4xx_hal_rcc.o(i.HAL_RCC_ClockConfig) refers to stm32l4xx_hal.o(i.HAL_GetTick) for HAL_GetTick
    stm32l4xx_hal_rcc.o(i.HAL_RCC_ClockConfig) refers to stm32l4xx_hal_rcc.o(i.HAL_RCC_GetSysClockFreq) for HAL_RCC_GetSysClockFreq
    stm32l4xx_hal_rcc.o(i.HAL_RCC_ClockConfig) refers to stm32l4xx_hal_timebase_tim.o(i.HAL_InitTick) for HAL_InitTick
    stm32l4xx_hal_rcc.o(i.HAL_RCC_ClockConfig) refers to system_stm32l4xx.o(.constdata) for AHBPrescTable
    stm32l4xx_hal_rcc.o(i.HAL_RCC_ClockConfig) refers to system_stm32l4xx.o(.data) for SystemCoreClock
    stm32l4xx_hal_rcc.o(i.HAL_RCC_DeInit) refers to stm32l4xx_hal.o(i.HAL_GetTick) for HAL_GetTick
    stm32l4xx_hal_rcc.o(i.HAL_RCC_DeInit) refers to stm32l4xx_hal_timebase_tim.o(i.HAL_InitTick) for HAL_InitTick
    stm32l4xx_hal_rcc.o(i.HAL_RCC_DeInit) refers to system_stm32l4xx.o(.data) for SystemCoreClock
    stm32l4xx_hal_rcc.o(i.HAL_RCC_GetHCLKFreq) refers to system_stm32l4xx.o(.data) for SystemCoreClock
    stm32l4xx_hal_rcc.o(i.HAL_RCC_GetPCLK1Freq) refers to system_stm32l4xx.o(.data) for SystemCoreClock
    stm32l4xx_hal_rcc.o(i.HAL_RCC_GetPCLK1Freq) refers to system_stm32l4xx.o(.constdata) for APBPrescTable
    stm32l4xx_hal_rcc.o(i.HAL_RCC_GetPCLK2Freq) refers to system_stm32l4xx.o(.data) for SystemCoreClock
    stm32l4xx_hal_rcc.o(i.HAL_RCC_GetPCLK2Freq) refers to system_stm32l4xx.o(.constdata) for APBPrescTable
    stm32l4xx_hal_rcc.o(i.HAL_RCC_GetSysClockFreq) refers to system_stm32l4xx.o(.constdata) for MSIRangeTable
    stm32l4xx_hal_rcc.o(i.HAL_RCC_MCOConfig) refers to stm32l4xx_hal_gpio.o(i.HAL_GPIO_Init) for HAL_GPIO_Init
    stm32l4xx_hal_rcc.o(i.HAL_RCC_NMI_IRQHandler) refers to stm32l4xx_hal_rcc.o(i.HAL_RCC_CSSCallback) for HAL_RCC_CSSCallback
    stm32l4xx_hal_rcc.o(i.HAL_RCC_OscConfig) refers to stm32l4xx_hal.o(i.HAL_GetTick) for HAL_GetTick
    stm32l4xx_hal_rcc.o(i.HAL_RCC_OscConfig) refers to stm32l4xx_hal_rcc.o(i.RCC_SetFlashLatencyFromMSIRange) for RCC_SetFlashLatencyFromMSIRange
    stm32l4xx_hal_rcc.o(i.HAL_RCC_OscConfig) refers to stm32l4xx_hal_rcc.o(i.HAL_RCC_GetSysClockFreq) for HAL_RCC_GetSysClockFreq
    stm32l4xx_hal_rcc.o(i.HAL_RCC_OscConfig) refers to stm32l4xx_hal_timebase_tim.o(i.HAL_InitTick) for HAL_InitTick
    stm32l4xx_hal_rcc.o(i.HAL_RCC_OscConfig) refers to system_stm32l4xx.o(.constdata) for AHBPrescTable
    stm32l4xx_hal_rcc.o(i.HAL_RCC_OscConfig) refers to system_stm32l4xx.o(.data) for SystemCoreClock
    stm32l4xx_hal_rcc.o(i.RCC_SetFlashLatencyFromMSIRange) refers to stm32l4xx_hal_pwr_ex.o(i.HAL_PWREx_GetVoltageRange) for HAL_PWREx_GetVoltageRange
    stm32l4xx_hal_rcc_ex.o(i.HAL_RCCEx_DisableLSCO) refers to stm32l4xx_hal_pwr.o(i.HAL_PWR_EnableBkUpAccess) for HAL_PWR_EnableBkUpAccess
    stm32l4xx_hal_rcc_ex.o(i.HAL_RCCEx_DisableLSCO) refers to stm32l4xx_hal_pwr.o(i.HAL_PWR_DisableBkUpAccess) for HAL_PWR_DisableBkUpAccess
    stm32l4xx_hal_rcc_ex.o(i.HAL_RCCEx_DisablePLLSAI1) refers to stm32l4xx_hal.o(i.HAL_GetTick) for HAL_GetTick
    stm32l4xx_hal_rcc_ex.o(i.HAL_RCCEx_DisablePLLSAI2) refers to stm32l4xx_hal.o(i.HAL_GetTick) for HAL_GetTick
    stm32l4xx_hal_rcc_ex.o(i.HAL_RCCEx_EnableLSCO) refers to stm32l4xx_hal_gpio.o(i.HAL_GPIO_Init) for HAL_GPIO_Init
    stm32l4xx_hal_rcc_ex.o(i.HAL_RCCEx_EnableLSCO) refers to stm32l4xx_hal_pwr.o(i.HAL_PWR_EnableBkUpAccess) for HAL_PWR_EnableBkUpAccess
    stm32l4xx_hal_rcc_ex.o(i.HAL_RCCEx_EnableLSCO) refers to stm32l4xx_hal_pwr.o(i.HAL_PWR_DisableBkUpAccess) for HAL_PWR_DisableBkUpAccess
    stm32l4xx_hal_rcc_ex.o(i.HAL_RCCEx_EnablePLLSAI1) refers to stm32l4xx_hal.o(i.HAL_GetTick) for HAL_GetTick
    stm32l4xx_hal_rcc_ex.o(i.HAL_RCCEx_EnablePLLSAI2) refers to stm32l4xx_hal.o(i.HAL_GetTick) for HAL_GetTick
    stm32l4xx_hal_rcc_ex.o(i.HAL_RCCEx_GetPeriphCLKFreq) refers to stm32l4xx_hal_rcc.o(i.HAL_RCC_GetPCLK2Freq) for HAL_RCC_GetPCLK2Freq
    stm32l4xx_hal_rcc_ex.o(i.HAL_RCCEx_GetPeriphCLKFreq) refers to stm32l4xx_hal_rcc.o(i.HAL_RCC_GetSysClockFreq) for HAL_RCC_GetSysClockFreq
    stm32l4xx_hal_rcc_ex.o(i.HAL_RCCEx_GetPeriphCLKFreq) refers to system_stm32l4xx.o(.constdata) for MSIRangeTable
    stm32l4xx_hal_rcc_ex.o(i.HAL_RCCEx_GetPeriphCLKFreq) refers to stm32l4xx_hal_rcc.o(i.HAL_RCC_GetPCLK1Freq) for HAL_RCC_GetPCLK1Freq
    stm32l4xx_hal_rcc_ex.o(i.HAL_RCCEx_LSECSS_IRQHandler) refers to stm32l4xx_hal_rcc_ex.o(i.HAL_RCCEx_LSECSS_Callback) for HAL_RCCEx_LSECSS_Callback
    stm32l4xx_hal_rcc_ex.o(i.HAL_RCCEx_PeriphCLKConfig) refers to stm32l4xx_hal_rcc_ex.o(i.RCCEx_PLLSAI1_Config) for RCCEx_PLLSAI1_Config
[...]
    i._Error_Handler                         0x0800299c   Section        0  main.o(i._Error_Handler)
    i.__0printf$5                            0x080029a0   Section        0  printf5.o(i.__0printf$5)
    i.__scatterload_copy                     0x080029c0   Section       14  handlers.o(i.__scatterload_copy)
    i.__scatterload_null                     0x080029ce   Section        2  handlers.o(i.__scatterload_null)
    i.__scatterload_zeroinit                 0x080029d0   Section       14  handlers.o(i.__scatterload_zeroinit)
    i._printf_core                           0x080029e0   Section        0  printf5.o(i._printf_core)
    _printf_core                             0x080029e1   Thumb Code   658  printf5.o(i._printf_core)
    i.eMBFuncReportSlaveID                   0x08002ca8   Section        0  mbfuncother.o(i.eMBFuncReportSlaveID)
    i.eMBMasterEnable                        0x08002ccc   Section        0  mb_m.o(i.eMBMasterEnable)
    i.eMBMasterFuncReadCoils                 0x08002cec   Section        0  mbfunccoils_m.o(i.eMBMasterFuncReadCoils)
    i.eMBMasterFuncReadDiscreteInputs        0x08002d4e   Section        0  mbfuncdisc_m.o(i.eMBMasterFuncReadDiscreteInputs)
    i.eMBMasterFuncReadHoldingRegister       0x08002dae   Section        0  mbfuncholding_m.o(i.eMBMasterFuncReadHoldingRegister)
    i.eMBMasterFuncReadInputRegister         0x08002e00   Section        0  mbfuncinput_m.o(i.eMBMasterFuncReadInputRegister)
    i.eMBMasterFuncReadWriteMultipleHoldingRegister 0x08002e50   Section        0  mbfuncholding_m.o(i.eMBMasterFuncReadWriteMultipleHoldingRegister)
    i.eMBMasterFuncWriteCoil                 0x08002ec2   Section        0  mbfunccoils_m.o(i.eMBMasterFuncWriteCoil)
    i.eMBMasterFuncWriteHoldingRegister      0x08002f18   Section        0  mbfuncholding_m.o(i.eMBMasterFuncWriteHoldingRegister)
    i.eMBMasterFuncWriteMultipleCoils        0x08002f4a   Section        0  mbfunccoils_m.o(i.eMBMasterFuncWriteMultipleCoils)
    i.eMBMasterFuncWriteMultipleHoldingRegister 0x08002faa   Section        0  mbfuncholding_m.o(i.eMBMasterFuncWriteMultipleHoldingRegister)
    i.eMBMasterInit                          0x08002ff8   Section        0  mb_m.o(i.eMBMasterInit)
    i.eMBMasterPoll                          0x08003070   Section        0  mb_m.o(i.eMBMasterPoll)
    i.eMBMasterRTUInit                       0x080031b8   Section        0  mbrtu_m.o(i.eMBMasterRTUInit)
    i.eMBMasterRTUReceive                    0x08003204   Section        0  mbrtu_m.o(i.eMBMasterRTUReceive)
    i.eMBMasterRTUSend                       0x08003250   Section        0  mbrtu_m.o(i.eMBMasterRTUSend)
    i.eMBMasterRTUStart                      0x080032c0   Section        0  mbrtu_m.o(i.eMBMasterRTUStart)
    i.eMBMasterRTUStop                       0x080032e4   Section        0  mbrtu_m.o(i.eMBMasterRTUStop)
    i.eMBMasterRegCoilsCB                    0x08003300   Section        0  user_mb_app_m.o(i.eMBMasterRegCoilsCB)
    i.eMBMasterRegDiscreteCB                 0x0800337c   Section        0  user_mb_app_m.o(i.eMBMasterRegDiscreteCB)
    i.eMBMasterRegHoldingCB                  0x080033f8   Section        0  user_mb_app_m.o(i.eMBMasterRegHoldingCB)
    i.eMBMasterRegInputCB                    0x08003458   Section        0  user_mb_app_m.o(i.eMBMasterRegInputCB)
    i.eMBMasterReqReadCoils                  0x080034b8   Section        0  mbfunccoils_m.o(i.eMBMasterReqReadCoils)
    i.eMBMasterReqReadDiscreteInputs         0x08003504   Section        0  mbfuncdisc_m.o(i.eMBMasterReqReadDiscreteInputs)
    i.eMBMasterReqReadHoldingRegister        0x08003550   Section        0  mbfuncholding_m.o(i.eMBMasterReqReadHoldingRegister)
    i.eMBMasterReqReadInputRegister          0x0800359c   Section        0  mbfuncinput_m.o(i.eMBMasterReqReadInputRegister)
    i.eMBMasterWaitRequestFinish             0x080035e8   Section        0  portevent_m.o(i.eMBMasterWaitRequestFinish)
    i.fputc                                  0x08003630   Section        0  usart.o(i.fputc)
    i.main                                   0x08003648   Section        0  main.o(i.main)
    i.makeFreeRtosPriority                   0x0800369c   Section        0  cmsis_os.o(i.makeFreeRtosPriority)
    makeFreeRtosPriority                     0x0800369d   Thumb Code    12  cmsis_os.o(i.makeFreeRtosPriority)
    i.osDelay                                0x080036a8   Section        0  cmsis_os.o(i.osDelay)
    i.osKernelStart                          0x080036b6   Section        0  cmsis_os.o(i.osKernelStart)
    i.osSystickHandler                       0x080036c0   Section        0  cmsis_os.o(i.osSystickHandler)
    i.osThreadCreate                         0x080036d4   Section        0  cmsis_os.o(i.osThreadCreate)
    i.prvAddCurrentTaskToDelayedList         0x08003704   Section        0  tasks.o(i.prvAddCurrentTaskToDelayedList)
    prvAddCurrentTaskToDelayedList           0x08003705   Thumb Code   102  tasks.o(i.prvAddCurrentTaskToDelayedList)
    i.prvAddNewTaskToReadyList               0x08003774   Section        0  tasks.o(i.prvAddNewTaskToReadyList)
    prvAddNewTaskToReadyList                 0x08003775   Thumb Code   194  tasks.o(i.prvAddNewTaskToReadyList)
    i.prvCheckTasksWaitingTermination        0x08003844   Section        0  tasks.o(i.prvCheckTasksWaitingTermination)
    prvCheckTasksWaitingTermination          0x08003845   Thumb Code    70  tasks.o(i.prvCheckTasksWaitingTermination)
    i.prvDeleteTCB                           0x08003894   Section        0  tasks.o(i.prvDeleteTCB)
    prvDeleteTCB                             0x08003895   Thumb Code    20  tasks.o(i.prvDeleteTCB)
    i.prvHeapInit                            0x080038a8   Section        0  heap_4.o(i.prvHeapInit)
    prvHeapInit                              0x080038a9   Thumb Code    66  heap_4.o(i.prvHeapInit)
    i.prvIdleTask                            0x080038f4   Section        0  tasks.o(i.prvIdleTask)
    prvIdleTask                              0x080038f5   Thumb Code    30  tasks.o(i.prvIdleTask)
    i.prvInitialiseNewTask                   0x0800391c   Section        0  tasks.o(i.prvInitialiseNewTask)
    prvInitialiseNewTask                     0x0800391d   Thumb Code   142  tasks.o(i.prvInitialiseNewTask)
    i.prvInsertBlockIntoFreeList             0x080039ac   Section        0  heap_4.o(i.prvInsertBlockIntoFreeList)
    prvInsertBlockIntoFreeList               0x080039ad   Thumb Code    72  heap_4.o(i.prvInsertBlockIntoFreeList)
    i.prvResetNextTaskUnblockTime            0x080039f8   Section        0  tasks.o(i.prvResetNextTaskUnblockTime)
    prvResetNextTaskUnblockTime              0x080039f9   Thumb Code    26  tasks.o(i.prvResetNextTaskUnblockTime)
    i.prvTaskExitError                       0x08003a18   Section        0  port.o(i.prvTaskExitError)
    prvTaskExitError                         0x08003a19   Thumb Code    36  port.o(i.prvTaskExitError)
    i.prveMBError2Exception                  0x08003a40   Section        0  mbutils.o(i.prveMBError2Exception)
    i.pvPortMalloc                           0x08003a58   Section        0  heap_4.o(i.pvPortMalloc)
    i.pxPortInitialiseStack                  0x08003b30   Section        0  port.o(i.pxPortInitialiseStack)
    i.set_rs485_mode                         0x08003b5c   Section        0  port_1.o(i.set_rs485_mode)
    i.ucMBMasterGetDestAddress               0x08003b74   Section        0  mb_m.o(i.ucMBMasterGetDestAddress)
    i.usMBCRC16                              0x08003b80   Section        0  mbcrc.o(i.usMBCRC16)
    i.usMBMasterGetPDUSndLength              0x08003bac   Section        0  mbrtu_m.o(i.usMBMasterGetPDUSndLength)
    i.uxListRemove                           0x08003bb8   Section        0  list.o(i.uxListRemove)
    i.vListInitialise                        0x08003bdc   Section        0  list.o(i.vListInitialise)
    i.vListInitialiseItem                    0x08003bf2   Section        0  list.o(i.vListInitialiseItem)
    i.vListInsert                            0x08003bf8   Section        0  list.o(i.vListInsert)
    i.vListInsertEnd                         0x08003c28   Section        0  list.o(i.vListInsertEnd)
    i.vMBMasterCBRequestScuuess              0x08003c40   Section        0  portevent_m.o(i.vMBMasterCBRequestScuuess)
    i.vMBMasterErrorCBExecuteFunction        0x08003c46   Section        0  portevent_m.o(i.vMBMasterErrorCBExecuteFunction)
    i.vMBMasterErrorCBReceiveData            0x08003c4e   Section        0  portevent_m.o(i.vMBMasterErrorCBReceiveData)
    i.vMBMasterErrorCBRespondTimeout         0x08003c54   Section        0  portevent_m.o(i.vMBMasterErrorCBRespondTimeout)
    i.vMBMasterGetPDUSndBuf                  0x08003c5c   Section        0  mbrtu_m.o(i.vMBMasterGetPDUSndBuf)
    i.vMBMasterPortSerialEnable              0x08003c68   Section        0  portserial_m.o(i.vMBMasterPortSerialEnable)
    i.vMBMasterPortTimersConvertDelayEnable  0x08003cc0   Section        0  porttimer_m.o(i.vMBMasterPortTimersConvertDelayEnable)
    i.vMBMasterPortTimersDisable             0x08003cf8   Section        0  porttimer_m.o(i.vMBMasterPortTimersDisable)
    i.vMBMasterPortTimersRespondTimeoutEnable 0x08003d04   Section        0  porttimer_m.o(i.vMBMasterPortTimersRespondTimeoutEnable)
    i.vMBMasterPortTimersT35Enable           0x08003d3c   Section        0  porttimer_m.o(i.vMBMasterPortTimersT35Enable)
    i.vMBMasterRunResRelease                 0x08003d70   Section        0  portevent_m.o(i.vMBMasterRunResRelease)
    i.vMBMasterSetCurTimerMode               0x08003d74   Section        0  mbrtu_m.o(i.vMBMasterSetCurTimerMode)
    i.vMBMasterSetDestAddress                0x08003d80   Section        0  mb_m.o(i.vMBMasterSetDestAddress)
    i.vMBMasterSetErrorType                  0x08003d8c   Section        0  mb_m.o(i.vMBMasterSetErrorType)
    i.vMBMasterSetPDUSndLength               0x08003d98   Section        0  mbrtu_m.o(i.vMBMasterSetPDUSndLength)
    i.vPortEnterCritical                     0x08003da4   Section        0  port.o(i.vPortEnterCritical)
    i.vPortExitCritical                      0x08003de4   Section        0  port.o(i.vPortExitCritical)
    i.vPortFree                              0x08003e0c   Section        0  heap_4.o(i.vPortFree)
    i.vPortSetupTimerInterrupt               0x08003e68   Section        0  port.o(i.vPortSetupTimerInterrupt)
    i.vTaskDelay                             0x08003e88   Section        0  tasks.o(i.vTaskDelay)
    i.vTaskStartScheduler                    0x08003ed4   Section        0  tasks.o(i.vTaskStartScheduler)
    i.vTaskSuspendAll                        0x08003f3c   Section        0  tasks.o(i.vTaskSuspendAll)
    i.vTaskSwitchContext                     0x08003f4c   Section        0  tasks.o(i.vTaskSwitchContext)
    i.xMBMasterPortEventGet                  0x08003fa8   Section        0  portevent_m.o(i.xMBMasterPortEventGet)
    i.xMBMasterPortEventInit                 0x08003fc4   Section        0  portevent_m.o(i.xMBMasterPortEventInit)
    i.xMBMasterPortEventPost                 0x08003fd4   Section        0  portevent_m.o(i.xMBMasterPortEventPost)
    i.xMBMasterPortSerialGetByte             0x08003ff8   Section        0  portserial_m.o(i.xMBMasterPortSerialGetByte)
    i.xMBMasterPortSerialInit                0x08004018   Section        0  portserial_m.o(i.xMBMasterPortSerialInit)
    i.xMBMasterPortSerialPutByte             0x0800406c   Section        0  portserial_m.o(i.xMBMasterPortSerialPutByte)
    i.xMBMasterPortTimersInit                0x08004080   Section        0  porttimer_m.o(i.xMBMasterPortTimersInit)
    i.xMBMasterRTUReceiveFSM                 0x080040f0   Section        0  mbrtu_m.o(i.xMBMasterRTUReceiveFSM)
    i.xMBMasterRTUTimerExpired               0x0800415c   Section        0  mbrtu_m.o(i.xMBMasterRTUTimerExpired)
    i.xMBMasterRTUTransmitFSM                0x080041c4   Section        0  mbrtu_m.o(i.xMBMasterRTUTransmitFSM)
    i.xMBMasterRequestIsBroadcast            0x08004230   Section        0  mbrtu_m.o(i.xMBMasterRequestIsBroadcast)
    i.xMBMasterRunResTake                    0x0800423c   Section        0  portevent_m.o(i.xMBMasterRunResTake)
    i.xMBUtilGetBits                         0x08004248   Section        0  mbutils.o(i.xMBUtilGetBits)
    i.xMBUtilSetBits                         0x0800426a   Section        0  mbutils.o(i.xMBUtilSetBits)
    i.xPortStartScheduler                    0x08004294   Section        0  port.o(i.xPortStartScheduler)
    i.xPortSysTickHandler                    0x08004374   Section        0  port.o(i.xPortSysTickHandler)
    i.xTaskCreate                            0x080043a0   Section        0  tasks.o(i.xTaskCreate)
    i.xTaskGetSchedulerState                 0x080043fc   Section        0  tasks.o(i.xTaskGetSchedulerState)
    i.xTaskIncrementTick                     0x08004418   Section        0  tasks.o(i.xTaskIncrementTick)
    i.xTaskResumeAll                         0x080044e0   Section        0  tasks.o(i.xTaskResumeAll)
    .constdata                               0x080045a4   Section       64  system_stm32l4xx.o(.constdata)
    .constdata                               0x080045e4   Section        8  system_stm32l4xx.o(.constdata)
    .constdata                               0x080045ec   Section      512  mbcrc.o(.constdata)
    aucCRCHi                                 0x080045ec   Data         256  mbcrc.o(.constdata)
    aucCRCLo                                 0x080046ec   Data         256  mbcrc.o(.constdata)
    .constdata                               0x080047ec   Section       40  freertos.o(.constdata)
    .constdata                               0x08004814   Section       72  stm32l4xx_it.o(.constdata)
    __func__                                 0x08004814   Data          18  stm32l4xx_it.o(.constdata)
    __func__                                 0x08004826   Data          18  stm32l4xx_it.o(.constdata)
    __func__                                 0x08004838   Data          17  stm32l4xx_it.o(.constdata)
    __func__                                 0x08004849   Data          19  stm32l4xx_it.o(.constdata)
    .constdata                               0x0800485c   Section       40  modbus_example.o(.constdata)
    __func__                                 0x0800485c   Data          18  modbus_example.o(.constdata)
    .conststring                             0x08004884   Section       24  freertos.o(.conststring)
    .conststring                             0x0800489c   Section       13  modbus_example.o(.conststring)
    .data                                    0x20000000   Section        4  system_stm32l4xx.o(.data)
    .data                                    0x20000004   Section        4  stm32l4xx_hal.o(.data)
    .data                                    0x20000008   Section       60  tasks.o(.data)
    uxDeletedTasksWaitingCleanUp             0x2000000c   Data           4  tasks.o(.data)
    uxCurrentNumberOfTasks                   0x20000010   Data           4  tasks.o(.data)
    xTickCount                               0x20000014   Data           4  tasks.o(.data)
    uxTopReadyPriority                       0x20000018   Data           4  tasks.o(.data)
    xSchedulerRunning                        0x2000001c   Data           4  tasks.o(.data)
    uxPendedTicks                            0x20000020   Data           4  tasks.o(.data)
    xYieldPending                            0x20000024   Data           4  tasks.o(.data)
    xNumOfOverflows                          0x20000028   Data           4  tasks.o(.data)
    uxTaskNumber                             0x2000002c   Data           4  tasks.o(.data)
    xNextTaskUnblockTime                     0x20000030   Data           4  tasks.o(.data)
    xIdleTaskHandle                          0x20000034   Data           4  tasks.o(.data)
    uxSchedulerSuspended                     0x20000038   Data           4  tasks.o(.data)
    pxDelayedTaskList                        0x2000003c   Data           4  tasks.o(.data)
    pxOverflowDelayedTaskList                0x20000040   Data           4  tasks.o(.data)
    .data                                    0x20000044   Section       24  heap_4.o(.data)
    pxEnd                                    0x20000044   Data           4  heap_4.o(.data)
    xFreeBytesRemaining                      0x20000048   Data           4  heap_4.o(.data)
    xMinimumEverFreeBytesRemaining           0x2000004c   Data           4  heap_4.o(.data)
    xBlockAllocatedBit                       0x20000050   Data           4  heap_4.o(.data)
    xStart                                   0x20000054   Data           8  heap_4.o(.data)
    .data                                    0x2000005c   Section       12  port.o(.data)
    ucMaxSysCallPriority                     0x2000005c   Data           1  port.o(.data)
    uxCriticalNesting                        0x20000060   Data           4  port.o(.data)
    ulMaxPRIGROUPValue                       0x20000064   Data           4  port.o(.data)
    .data                                    0x20000068   Section        2  mbfuncother.o(.data)
    usMBSlaveIDLen                           0x20000068   Data           2  mbfuncother.o(.data)
    .data                                    0x2000006c   Section       16  mbrtu_m.o(.data)
    xFrameIsBroadcast                        0x2000006c   Data           1  mbrtu_m.o(.data)
    eSndState                                0x2000006d   Data           1  mbrtu_m.o(.data)
    eRcvState                                0x2000006e   Data           1  mbrtu_m.o(.data)
    eMasterCurTimerMode                      0x2000006f   Data           1  mbrtu_m.o(.data)
    usMasterSendPDULength                    0x20000070   Data           2  mbrtu_m.o(.data)
    usMasterSndBufferCount                   0x20000072   Data           2  mbrtu_m.o(.data)
    usMasterRcvBufferPos                     0x20000074   Data           2  mbrtu_m.o(.data)
    pucMasterSndBufferCur                    0x20000078   Data           4  mbrtu_m.o(.data)
    .data                                    0x2000007c   Section      176  mb_m.o(.data)
    xMBRunInMasterMode                       0x2000007c   Data           1  mb_m.o(.data)
    eMBState                                 0x2000007d   Data           1  mb_m.o(.data)
    ucRcvAddress                             0x2000007e   Data           1  mb_m.o(.data)
    ucFunctionCode                           0x2000007f   Data           1  mb_m.o(.data)
    eException                               0x20000080   Data           1  mb_m.o(.data)
    ucMBMasterDestAddress                    0x20000081   Data           1  mb_m.o(.data)
    eMBMasterCurErrorType                    0x20000082   Data           1  mb_m.o(.data)
    usLength                                 0x20000084   Data           2  mb_m.o(.data)
    ucMBFrame                                0x20000088   Data           4  mb_m.o(.data)
    peMBMasterFrameSendCur                   0x2000008c   Data           4  mb_m.o(.data)
    pvMBMasterFrameStartCur                  0x20000090   Data           4  mb_m.o(.data)
    pvMBMasterFrameStopCur                   0x20000094   Data           4  mb_m.o(.data)
    peMBMasterFrameReceiveCur                0x20000098   Data           4  mb_m.o(.data)
    pvMBMasterFrameCloseCur                  0x2000009c   Data           4  mb_m.o(.data)
    xMasterFuncHandlers                      0x200000ac   Data         128  mb_m.o(.data)
    .data                                    0x2000012c   Section        8  user_mb_app_m.o(.data)
    .data                                    0x20000134   Section       12  portevent_m.o(.data)
    xEventInQueue                            0x20000134   Data           1  portevent_m.o(.data)
    finish_flag                              0x20000136   Data           2  portevent_m.o(.data)
    eQueuedEvent                             0x20000138   Data           2  portevent_m.o(.data)
    req_timeout                              0x2000013c   Data           4  portevent_m.o(.data)
    .data                                    0x20000140   Section        1  portserial_m.o(.data)
    g_recv_byte                              0x20000140   Data           1  portserial_m.o(.data)
    .data                                    0x20000142   Section        2  porttimer_m.o(.data)
    usT35TimeOut50us                         0x20000142   Data           2  porttimer_m.o(.data)
    .data                                    0x20000144   Section        8  freertos.o(.data)
    .data                                    0x2000014c   Section        4  stdout.o(.data)
    .bss                                     0x20000150   Section      240  tasks.o(.bss)
    pxReadyTasksLists                        0x20000150   Data         140  tasks.o(.bss)
    xDelayedTaskList1                        0x200001dc   Data          20  tasks.o(.bss)
    xDelayedTaskList2                        0x200001f0   Data          20  tasks.o(.bss)
    xPendingReadyList                        0x20000204   Data          20  tasks.o(.bss)
    xTasksWaitingTermination                 0x20000218   Data          20  tasks.o(.bss)
    xSuspendedTaskList                       0x2000022c   Data          20  tasks.o(.bss)
    .bss                                     0x20000240   Section    10240  heap_4.o(.bss)
    ucHeap                                   0x20000240   Data       10240  heap_4.o(.bss)
    .bss                                     0x20002a40   Section       32  mbfuncother.o(.bss)
    ucMBSlaveID                              0x20002a40   Data          32  mbfuncother.o(.bss)
    .bss                                     0x20002a60   Section      509  mbrtu_m.o(.bss)
    ucMasterRTUSndBuf                        0x20002a60   Data         253  mbrtu_m.o(.bss)
    ucMasterRTURcvBuf                        0x20002b5d   Data         256  mbrtu_m.o(.bss)
    .bss                                     0x20002c5e   Section     1056  user_mb_app_m.o(.bss)
    .bss                                     0x20003080   Section       64  stm32l4xx_hal_timebase_tim.o(.bss)
    .bss                                     0x200030c0   Section       64  tim.o(.bss)
    .bss                                     0x20003100   Section      240  usart.o(.bss)
    STACK                                    0x200031f0   Section    16384  startup_stm32l475xx.o(STACK)

    Global Symbols

    Symbol Name                              Value     Ov Type        Size  Object(Section)

    BuildAttributes$$THM_ISAv4$E$P$D$K$B$S$7EM$VFPi3$EXTD16$VFPS$VFMA$PE$A:L22UL41UL21$X:L11$S22US41US21$IEEE1$IW$USESV6$~STKCKD$USESV7$~SHL$OSPACE$ROPI$EBA8$MICROLIB$REQ8$PRES8$EABIv2 0x00000000   Number         0  anon$$obj.o ABSOLUTE
    __ARM_use_no_argv                        0x00000000   Number         0  main.o ABSOLUTE
    _printf_a                                0x00000000   Number         0  stubs.o ABSOLUTE
    _printf_c                                0x00000000   Number         0  stubs.o ABSOLUTE
    _printf_charcount                        0x00000000   Number         0  stubs.o ABSOLUTE
    _printf_d                                0x00000000   Number         0  stubs.o ABSOLUTE
    _printf_e                                0x00000000   Number         0  stubs.o ABSOLUTE
    _printf_f                                0x00000000   Number         0  stubs.o ABSOLUTE
    _printf_flags                            0x00000000   Number         0  stubs.o ABSOLUTE
    _printf_fp_dec                           0x00000000   Number         0  stubs.o ABSOLUTE
    _printf_fp_hex                           0x00000000   Number         0  stubs.o ABSOLUTE
    _printf_g                                0x00000000   Number         0  stubs.o ABSOLUTE
    _printf_i                                0x00000000   Number         0  stubs.o ABSOLUTE
    _printf_int_dec                          0x00000000   Number         0  stubs.o ABSOLUTE
    _printf_l                                0x00000000   Number         0  stubs.o ABSOLUTE
    _printf_lc                               0x00000000   Number         0  stubs.o ABSOLUTE
    _printf_ll                               0x00000000   Number         0  stubs.o ABSOLUTE
    _printf_lld                              0x00000000   Number         0  stubs.o ABSOLUTE
    _printf_lli                              0x00000000   Number         0  stubs.o ABSOLUTE
    _printf_llo                              0x00000000   Number         0  stubs.o ABSOLUTE
    _printf_llu                              0x00000000   Number         0  stubs.o ABSOLUTE
    _printf_llx                              0x00000000   Number         0  stubs.o ABSOLUTE
    _printf_longlong_dec                     0x00000000   Number         0  stubs.o ABSOLUTE
    _printf_longlong_hex                     0x00000000   Number         0  stubs.o ABSOLUTE
    _printf_longlong_oct                     0x00000000   Number         0  stubs.o ABSOLUTE
    _printf_ls                               0x00000000   Number         0  stubs.o ABSOLUTE
    _printf_mbtowc                           0x00000000   Number         0  stubs.o ABSOLUTE
    _printf_n                                0x00000000   Number         0  stubs.o ABSOLUTE
    _printf_o                                0x00000000   Number         0  stubs.o ABSOLUTE
    _printf_p                                0x00000000   Number         0  stubs.o ABSOLUTE
    _printf_percent                          0x00000000   Number         0  stubs.o ABSOLUTE
    _printf_pre_padding                      0x00000000   Number         0  stubs.o ABSOLUTE
    _printf_return_value                     0x00000000   Number         0  stubs.o ABSOLUTE
    _printf_s                                0x00000000   Number         0  stubs.o ABSOLUTE
    _printf_sizespec                         0x00000000   Number         0  stubs.o ABSOLUTE
    _printf_str                              0x00000000   Number         0  stubs.o ABSOLUTE
    _printf_truncate_signed                  0x00000000   Number         0  stubs.o ABSOLUTE
    _printf_truncate_unsigned                0x00000000   Number         0  stubs.o ABSOLUTE
    _printf_u                                0x00000000   Number         0  stubs.o ABSOLUTE
    _printf_wc                               0x00000000   Number         0  stubs.o ABSOLUTE
    _printf_wctomb                           0x00000000   Number         0  stubs.o ABSOLUTE
    _printf_widthprec                        0x00000000   Number         0  stubs.o ABSOLUTE
    _printf_x                                0x00000000   Number         0  stubs.o ABSOLUTE
    __cpp_initialize__aeabi_                  - Undefined Weak Reference
    __cxa_finalize                            - Undefined Weak Reference
    _clock_init                               - Undefined Weak Reference
    _microlib_exit                            - Undefined Weak Reference
    __Vectors_Size                           0x00000188   Number         0  startup_stm32l475xx.o ABSOLUTE
    __Vectors                                0x08000000   Data           4  startup_stm32l475xx.o(RESET)
    __Vectors_End                            0x08000188   Data           0  startup_stm32l475xx.o(RESET)
    __main                                   0x08000189   Thumb Code     0  entry.o(.ARM.Collect$$$$00000000)
    _main_stk                                0x08000189   Thumb Code     0  entry2.o(.ARM.Collect$$$$00000001)
    _main_scatterload                        0x0800018d   Thumb Code     0  entry5.o(.ARM.Collect$$$$00000004)
    __main_after_scatterload                 0x08000191   Thumb Code     0  entry5.o(.ARM.Collect$$$$00000004)
    _main_clock                              0x08000191   Thumb Code     0  entry7b.o(.ARM.Collect$$$$00000008)
    _main_cpp_init                           0x08000191   Thumb Code     0  entry8b.o(.ARM.Collect$$$$0000000A)
    _main_init                               0x08000191   Thumb Code     0  entry9a.o(.ARM.Collect$$$$0000000B)
    __rt_final_cpp                           0x08000199   Thumb Code     0  entry10a.o(.ARM.Collect$$$$0000000D)
    __rt_final_exit                          0x08000199   Thumb Code     0  entry11a.o(.ARM.Collect$$$$0000000F)
    SVC_Handler                              0x0800019d   Thumb Code    28  port.o(.emb_text)
    __asm___6_port_c_39a90d8d__prvStartFirstTask 0x080001bd   Thumb Code    28  port.o(.emb_text)
    __asm___6_port_c_39a90d8d__prvEnableVFP  0x080001dd   Thumb Code    16  port.o(.emb_text)
    PendSV_Handler                           0x080001f1   Thumb Code    92  port.o(.emb_text)
    vPortGetIPSR                             0x08000251   Thumb Code     6  port.o(.emb_text)
    Reset_Handler                            0x08000279   Thumb Code     8  startup_stm32l475xx.o(.text)
    ADC1_2_IRQHandler                        0x08000293   Thumb Code     0  startup_stm32l475xx.o(.text)
    ADC3_IRQHandler                          0x08000293   Thumb Code     0  startup_stm32l475xx.o(.text)
    CAN1_RX0_IRQHandler                      0x08000293   Thumb Code     0  startup_stm32l475xx.o(.text)
    CAN1_RX1_IRQHandler                      0x08000293   Thumb Code     0  startup_stm32l475xx.o(.text)
    CAN1_SCE_IRQHandler                      0x08000293   Thumb Code     0  startup_stm32l475xx.o(.text)
    CAN1_TX_IRQHandler                       0x08000293   Thumb Code     0  startup_stm32l475xx.o(.text)
    COMP_IRQHandler                          0x08000293   Thumb Code     0  startup_stm32l475xx.o(.text)
    DFSDM1_FLT0_IRQHandler                   0x08000293   Thumb Code     0  startup_stm32l475xx.o(.text)
    DFSDM1_FLT1_IRQHandler                   0x08000293   Thumb Code     0  startup_stm32l475xx.o(.text)
    DFSDM1_FLT2_IRQHandler                   0x08000293   Thumb Code     0  startup_stm32l475xx.o(.text)
    DFSDM1_FLT3_IRQHandler                   0x08000293   Thumb Code     0  startup_stm32l475xx.o(.text)
    DMA1_Channel1_IRQHandler                 0x08000293   Thumb Code     0  startup_stm32l475xx.o(.text)
    DMA1_Channel2_IRQHandler                 0x08000293   Thumb Code     0  startup_stm32l475xx.o(.text)
    DMA1_Channel3_IRQHandler                 0x08000293   Thumb Code     0  startup_stm32l475xx.o(.text)
    DMA1_Channel4_IRQHandler                 0x08000293   Thumb Code     0  startup_stm32l475xx.o(.text)
    DMA1_Channel5_IRQHandler                 0x08000293   Thumb Code     0  startup_stm32l475xx.o(.text)
    DMA1_Channel6_IRQHandler                 0x08000293   Thumb Code     0  startup_stm32l475xx.o(.text)
    DMA1_Channel7_IRQHandler                 0x08000293   Thumb Code     0  startup_stm32l475xx.o(.text)
    DMA2_Channel1_IRQHandler                 0x08000293   Thumb Code     0  startup_stm32l475xx.o(.text)
    DMA2_Channel2_IRQHandler                 0x08000293   Thumb Code     0  startup_stm32l475xx.o(.text)
    DMA2_Channel3_IRQHandler                 0x08000293   Thumb Code     0  startup_stm32l475xx.o(.text)
    DMA2_Channel4_IRQHandler                 0x08000293   Thumb Code     0  startup_stm32l475xx.o(.text)
    DMA2_Channel5_IRQHandler                 0x08000293   Thumb Code     0  startup_stm32l475xx.o(.text)
    DMA2_Channel6_IRQHandler                 0x08000293   Thumb Code     0  startup_stm32l475xx.o(.text)
    DMA2_Channel7_IRQHandler                 0x08000293   Thumb Code     0  startup_stm32l475xx.o(.text)
    EXTI0_IRQHandler                         0x08000293   Thumb Code     0  startup_stm32l475xx.o(.text)
    EXTI15_10_IRQHandler                     0x08000293   Thumb Code     0  startup_stm32l475xx.o(.text)
    EXTI1_IRQHandler                         0x08000293   Thumb Code     0  startup_stm32l475xx.o(.text)
    EXTI2_IRQHandler                         0x08000293   Thumb Code     0  startup_stm32l475xx.o(.text)
    EXTI3_IRQHandler                         0x08000293   Thumb Code     0  startup_stm32l475xx.o(.text)
    EXTI4_IRQHandler                         0x08000293   Thumb Code     0  startup_stm32l475xx.o(.text)
    EXTI9_5_IRQHandler                       0x08000293   Thumb Code     0  startup_stm32l475xx.o(.text)
    FLASH_IRQHandler                         0x08000293   Thumb Code     0  startup_stm32l475xx.o(.text)
    FMC_IRQHandler                           0x08000293   Thumb Code     0  startup_stm32l475xx.o(.text)
    FPU_IRQHandler                           0x08000293   Thumb Code     0  startup_stm32l475xx.o(.text)
    I2C1_ER_IRQHandler                       0x08000293   Thumb Code     0  startup_stm32l475xx.o(.text)
    I2C1_EV_IRQHandler                       0x08000293   Thumb Code     0  startup_stm32l475xx.o(.text)
    I2C2_ER_IRQHandler                       0x08000293   Thumb Code     0  startup_stm32l475xx.o(.text)
    I2C2_EV_IRQHandler                       0x08000293   Thumb Code     0  startup_stm32l475xx.o(.text)
    I2C3_ER_IRQHandler                       0x08000293   Thumb Code     0  startup_stm32l475xx.o(.text)
    I2C3_EV_IRQHandler                       0x08000293   Thumb Code     0  startup_stm32l475xx.o(.text)
    LPTIM1_IRQHandler                        0x08000293   Thumb Code     0  startup_stm32l475xx.o(.text)
    LPTIM2_IRQHandler                        0x08000293   Thumb Code     0  startup_stm32l475xx.o(.text)
    LPUART1_IRQHandler                       0x08000293   Thumb Code     0  startup_stm32l475xx.o(.text)
    OTG_FS_IRQHandler                        0x08000293   Thumb Code     0  startup_stm32l475xx.o(.text)
    PVD_PVM_IRQHandler                       0x08000293   Thumb Code     0  startup_stm32l475xx.o(.text)
    QUADSPI_IRQHandler                       0x08000293   Thumb Code     0  startup_stm32l475xx.o(.text)
    RCC_IRQHandler                           0x08000293   Thumb Code     0  startup_stm32l475xx.o(.text)
    RNG_IRQHandler                           0x08000293   Thumb Code     0  startup_stm32l475xx.o(.text)
    RTC_Alarm_IRQHandler                     0x08000293   Thumb Code     0  startup_stm32l475xx.o(.text)
    RTC_WKUP_IRQHandler                      0x08000293   Thumb Code     0  startup_stm32l475xx.o(.text)
    SAI1_IRQHandler                          0x08000293   Thumb Code     0  startup_stm32l475xx.o(.text)
    SAI2_IRQHandler                          0x08000293   Thumb Code     0  startup_stm32l475xx.o(.text)
    SDMMC1_IRQHandler                        0x08000293   Thumb Code     0  startup_stm32l475xx.o(.text)
    SPI1_IRQHandler                          0x08000293   Thumb Code     0  startup_stm32l475xx.o(.text)
    SPI2_IRQHandler                          0x08000293   Thumb Code     0  startup_stm32l475xx.o(.text)
    SPI3_IRQHandler                          0x08000293   Thumb Code     0  startup_stm32l475xx.o(.text)
    SWPMI1_IRQHandler                        0x08000293   Thumb Code     0  startup_stm32l475xx.o(.text)
    TAMP_STAMP_IRQHandler                    0x08000293   Thumb Code     0  startup_stm32l475xx.o(.text)
    TIM1_BRK_TIM15_IRQHandler                0x08000293   Thumb Code     0  startup_stm32l475xx.o(.text)
    TIM1_CC_IRQHandler                       0x08000293   Thumb Code     0  startup_stm32l475xx.o(.text)
    TIM1_TRG_COM_TIM17_IRQHandler            0x08000293   Thumb Code     0  startup_stm32l475xx.o(.text)
    TIM2_IRQHandler                          0x08000293   Thumb Code     0  startup_stm32l475xx.o(.text)
    TIM3_IRQHandler                          0x08000293   Thumb Code     0  startup_stm32l475xx.o(.text)
    TIM4_IRQHandler                          0x08000293   Thumb Code     0  startup_stm32l475xx.o(.text)
    TIM5_IRQHandler                          0x08000293   Thumb Code     0  startup_stm32l475xx.o(.text)
    TIM7_IRQHandler                          0x08000293   Thumb Code     0  startup_stm32l475xx.o(.text)
    TIM8_BRK_IRQHandler                      0x08000293   Thumb Code     0  startup_stm32l475xx.o(.text)
    TIM8_CC_IRQHandler                       0x08000293   Thumb Code     0  startup_stm32l475xx.o(.text)
    TIM8_TRG_COM_IRQHandler                  0x08000293   Thumb Code     0  startup_stm32l475xx.o(.text)
    TIM8_UP_IRQHandler                       0x08000293   Thumb Code     0  startup_stm32l475xx.o(.text)
    TSC_IRQHandler                           0x08000293   Thumb Code     0  startup_stm32l475xx.o(.text)
    UART4_IRQHandler                         0x08000293   Thumb Code     0  startup_stm32l475xx.o(.text)
    UART5_IRQHandler                         0x08000293   Thumb Code     0  startup_stm32l475xx.o(.text)
    USART1_IRQHandler                        0x08000293   Thumb Code     0  startup_stm32l475xx.o(.text)
    USART3_IRQHandler                        0x08000293   Thumb Code     0  startup_stm32l475xx.o(.text)
    WWDG_IRQHandler                          0x08000293   Thumb Code     0  startup_stm32l475xx.o(.text)
    __aeabi_uldivmod                         0x0800029d   Thumb Code    98  uldiv.o(.text)
    __aeabi_memcpy                           0x08000305   Thumb Code    36  memcpya.o(.text)
    __aeabi_memcpy4                          0x08000305   Thumb Code     0  memcpya.o(.text)
    __aeabi_memcpy8                          0x08000305   Thumb Code     0  memcpya.o(.text)
    __aeabi_llsl                             0x08000329   Thumb Code    30  llshl.o(.text)
    _ll_shift_l                              0x08000329   Thumb Code     0  llshl.o(.text)
    __aeabi_llsr                             0x08000347   Thumb Code    32  llushr.o(.text)
    _ll_ushift_r                             0x08000347   Thumb Code     0  llushr.o(.text)
    __scatterload                            0x08000369   Thumb Code    28  init.o(.text)
    __scatterload_rt2                        0x08000369   Thumb Code     0  init.o(.text)
    __decompress                             0x0800038d   Thumb Code     0  __dczerorl2.o(.text)
    __decompress1                            0x0800038d   Thumb Code    86  __dczerorl2.o(.text)
    BusFault_Handler                         0x080003e5   Thumb Code    10  stm32l4xx_it.o(i.BusFault_Handler)
    DebugMon_Handler                         0x080003fd   Thumb Code     2  stm32l4xx_it.o(i.DebugMon_Handler)
    EnterCriticalSection                     0x080003ff   Thumb Code     2  port_1.o(i.EnterCriticalSection)
    ExitCriticalSection                      0x08000401   Thumb Code     2  port_1.o(i.ExitCriticalSection)
    HAL_DMA_Abort_IT                         0x08000403   Thumb Code    74  stm32l4xx_hal_dma.o(i.HAL_DMA_Abort_IT)
    HAL_Delay                                0x0800044d   Thumb Code    28  stm32l4xx_hal.o(i.HAL_Delay)
    HAL_GPIO_Init                            0x08000469   Thumb Code   414  stm32l4xx_hal_gpio.o(i.HAL_GPIO_Init)
    HAL_GPIO_WritePin                        0x08000633   Thumb Code    10  stm32l4xx_hal_gpio.o(i.HAL_GPIO_WritePin)
    HAL_GetTick                              0x0800063d   Thumb Code     6  stm32l4xx_hal.o(i.HAL_GetTick)
    HAL_IncTick                              0x08000649   Thumb Code    10  stm32l4xx_hal.o(i.HAL_IncTick)
    HAL_Init                                 0x08000659   Thumb Code    22  stm32l4xx_hal.o(i.HAL_Init)
    HAL_InitTick                             0x08000671   Thumb Code    98  stm32l4xx_hal_timebase_tim.o(i.HAL_InitTick)
    HAL_MspInit                              0x080006e5   Thumb Code   122  stm32l4xx_hal_msp.o(i.HAL_MspInit)
    HAL_NVIC_EnableIRQ                       0x08000765   Thumb Code    22  stm32l4xx_hal_cortex.o(i.HAL_NVIC_EnableIRQ)
    HAL_NVIC_SetPriority                     0x0800077d   Thumb Code    60  stm32l4xx_hal_cortex.o(i.HAL_NVIC_SetPriority)
    HAL_NVIC_SetPriorityGrouping             0x080007bd   Thumb Code    26  stm32l4xx_hal_cortex.o(i.HAL_NVIC_SetPriorityGrouping)
    HAL_PWREx_ControlVoltageScaling          0x080007e1   Thumb Code    86  stm32l4xx_hal_pwr_ex.o(i.HAL_PWREx_ControlVoltageScaling)
    HAL_PWREx_GetVoltageRange                0x08000845   Thumb Code    10  stm32l4xx_hal_pwr_ex.o(i.HAL_PWREx_GetVoltageRange)
    HAL_RCCEx_PeriphCLKConfig                0x08000855   Thumb Code   928  stm32l4xx_hal_rcc_ex.o(i.HAL_RCCEx_PeriphCLKConfig)
    HAL_RCC_ClockConfig                      0x08000c05   Thumb Code   358  stm32l4xx_hal_rcc.o(i.HAL_RCC_ClockConfig)
    HAL_RCC_GetClockConfig                   0x08000d7d   Thumb Code    54  stm32l4xx_hal_rcc.o(i.HAL_RCC_GetClockConfig)
    HAL_RCC_GetHCLKFreq                      0x08000dbd   Thumb Code     6  stm32l4xx_hal_rcc.o(i.HAL_RCC_GetHCLKFreq)
    HAL_RCC_GetPCLK1Freq                     0x08000dc9   Thumb Code    20  stm32l4xx_hal_rcc.o(i.HAL_RCC_GetPCLK1Freq)
    HAL_RCC_GetPCLK2Freq                     0x08000de9   Thumb Code    20  stm32l4xx_hal_rcc.o(i.HAL_RCC_GetPCLK2Freq)
    HAL_RCC_GetSysClockFreq                  0x08000e09   Thumb Code   182  stm32l4xx_hal_rcc.o(i.HAL_RCC_GetSysClockFreq)
    HAL_RCC_OscConfig                        0x08000ecd   Thumb Code  1128  stm32l4xx_hal_rcc.o(i.HAL_RCC_OscConfig)
    HAL_SYSTICK_CLKSourceConfig              0x08001335   Thumb Code    24  stm32l4xx_hal_cortex.o(i.HAL_SYSTICK_CLKSourceConfig)
    HAL_SYSTICK_Config                       0x0800134d   Thumb Code    40  stm32l4xx_hal_cortex.o(i.HAL_SYSTICK_Config)
    HAL_TIMEx_BreakCallback                  0x08001375   Thumb Code     2  stm32l4xx_hal_tim_ex.o(i.HAL_TIMEx_BreakCallback)
    HAL_TIMEx_CommutationCallback            0x08001377   Thumb Code     2  stm32l4xx_hal_tim_ex.o(i.HAL_TIMEx_CommutationCallback)
    HAL_TIMEx_MasterConfigSynchronization    0x08001379   Thumb Code    78  stm32l4xx_hal_tim_ex.o(i.HAL_TIMEx_MasterConfigSynchronization)
    HAL_TIM_Base_Init                        0x080013d1   Thumb Code    54  stm32l4xx_hal_tim.o(i.HAL_TIM_Base_Init)
    HAL_TIM_Base_MspInit                     0x08001409   Thumb Code    50  tim.o(i.HAL_TIM_Base_MspInit)
    HAL_TIM_Base_Start_IT                    0x08001445   Thumb Code    24  stm32l4xx_hal_tim.o(i.HAL_TIM_Base_Start_IT)
    HAL_TIM_Base_Stop_IT                     0x0800145d   Thumb Code    42  stm32l4xx_hal_tim.o(i.HAL_TIM_Base_Stop_IT)
    HAL_TIM_IC_CaptureCallback               0x08001487   Thumb Code     2  stm32l4xx_hal_tim.o(i.HAL_TIM_IC_CaptureCallback)
    HAL_TIM_IRQHandler                       0x08001489   Thumb Code   358  stm32l4xx_hal_tim.o(i.HAL_TIM_IRQHandler)
    HAL_TIM_OC_DelayElapsedCallback          0x080015ef   Thumb Code     2  stm32l4xx_hal_tim.o(i.HAL_TIM_OC_DelayElapsedCallback)
    HAL_TIM_PWM_PulseFinishedCallback        0x080015f1   Thumb Code     2  stm32l4xx_hal_tim.o(i.HAL_TIM_PWM_PulseFinishedCallback)
    HAL_TIM_PeriodElapsedCallback            0x080015f5   Thumb Code    38  main.o(i.HAL_TIM_PeriodElapsedCallback)
    HAL_TIM_TriggerCallback                  0x08001629   Thumb Code     2  stm32l4xx_hal_tim.o(i.HAL_TIM_TriggerCallback)
    HAL_UARTEx_WakeupCallback                0x0800162b   Thumb Code     2  stm32l4xx_hal_uart_ex.o(i.HAL_UARTEx_WakeupCallback)
    HAL_UART_ErrorCallback                   0x0800162d   Thumb Code     2  stm32l4xx_hal_uart.o(i.HAL_UART_ErrorCallback)
    HAL_UART_IRQHandler                      0x08001631   Thumb Code   328  stm32l4xx_hal_uart.o(i.HAL_UART_IRQHandler)
    HAL_UART_Init                            0x0800177d   Thumb Code   106  stm32l4xx_hal_uart.o(i.HAL_UART_Init)
    HAL_UART_MspInit                         0x080017e9   Thumb Code   122  usart.o(i.HAL_UART_MspInit)
    HAL_UART_Receive_IT                      0x08001871   Thumb Code   164  stm32l4xx_hal_uart.o(i.HAL_UART_Receive_IT)
    HAL_UART_RxCpltCallback                  0x0800191d   Thumb Code    18  main.o(i.HAL_UART_RxCpltCallback)
    HAL_UART_Transmit                        0x08001939   Thumb Code   176  stm32l4xx_hal_uart.o(i.HAL_UART_Transmit)
    HAL_UART_Transmit_IT                     0x080019e9   Thumb Code    96  stm32l4xx_hal_uart.o(i.HAL_UART_Transmit_IT)
    HAL_UART_TxCpltCallback                  0x08001a51   Thumb Code    18  main.o(i.HAL_UART_TxCpltCallback)
    HardFault_Handler                        0x08001a6d   Thumb Code    10  stm32l4xx_it.o(i.HardFault_Handler)
    MX_FREERTOS_Init                         0x08001d59   Thumb Code    52  freertos.o(i.MX_FREERTOS_Init)
    MX_GPIO_Init                             0x08001d95   Thumb Code    92  gpio.o(i.MX_GPIO_Init)
    MX_TIM6_Init                             0x08001df9   Thumb Code    66  tim.o(i.MX_TIM6_Init)
    MX_USART1_UART_Init                      0x08001e55   Thumb Code    56  usart.o(i.MX_USART1_UART_Init)
    MX_USART2_UART_Init                      0x08001ea5   Thumb Code    56  usart.o(i.MX_USART2_UART_Init)
    MemManage_Handler                        0x08001ef5   Thumb Code    10  stm32l4xx_it.o(i.MemManage_Handler)
    ModBusProcessTask                        0x08001f0d   Thumb Code    58  modbus_example.o(i.ModBusProcessTask)
    NMI_Handler                              0x08001f5d   Thumb Code     2  stm32l4xx_it.o(i.NMI_Handler)
    StartDefaultTask                         0x08002231   Thumb Code     8  freertos.o(i.StartDefaultTask)
    SysTick_Handler                          0x08002239   Thumb Code     4  stm32l4xx_it.o(i.SysTick_Handler)
    SystemClock_Config                       0x0800223d   Thumb Code   122  main.o(i.SystemClock_Config)
    SystemInit                               0x080022b9   Thumb Code    56  system_stm32l4xx.o(i.SystemInit)
    TIM1_UP_TIM16_IRQHandler                 0x080022fd   Thumb Code     6  stm32l4xx_it.o(i.TIM1_UP_TIM16_IRQHandler)
    TIM6_DAC_IRQHandler                      0x08002309   Thumb Code     6  stm32l4xx_it.o(i.TIM6_DAC_IRQHandler)
    TIM_Base_SetConfig                       0x08002315   Thumb Code   160  stm32l4xx_hal_tim.o(i.TIM_Base_SetConfig)
    UART_AdvFeatureConfig                    0x080023e5   Thumb Code   200  stm32l4xx_hal_uart.o(i.UART_AdvFeatureConfig)
    UART_CheckIdleState                      0x080024ad   Thumb Code    92  stm32l4xx_hal_uart.o(i.UART_CheckIdleState)
    UART_SetConfig                           0x080025f5   Thumb Code   622  stm32l4xx_hal_uart.o(i.UART_SetConfig)
    UART_WaitOnFlagUntilTimeout              0x08002913   Thumb Code   100  stm32l4xx_hal_uart.o(i.UART_WaitOnFlagUntilTimeout)
    USART2_IRQHandler                        0x08002979   Thumb Code     6  stm32l4xx_it.o(i.USART2_IRQHandler)
    UsageFault_Handler                       0x08002985   Thumb Code    10  stm32l4xx_it.o(i.UsageFault_Handler)
    _Error_Handler                           0x0800299d   Thumb Code     2  main.o(i._Error_Handler)
    __0printf$5                              0x080029a1   Thumb Code    22  printf5.o(i.__0printf$5)
    __1printf$5                              0x080029a1   Thumb Code     0  printf5.o(i.__0printf$5)
    __2printf                                0x080029a1   Thumb Code     0  printf5.o(i.__0printf$5)
    __scatterload_copy                       0x080029c1   Thumb Code    14  handlers.o(i.__scatterload_copy)
    __scatterload_null                       0x080029cf   Thumb Code     2  handlers.o(i.__scatterload_null)
    __scatterload_zeroinit                   0x080029d1   Thumb Code    14  handlers.o(i.__scatterload_zeroinit)
    eMBFuncReportSlaveID                     0x08002ca9   Thumb Code    26  mbfuncother.o(i.eMBFuncReportSlaveID)
    eMBMasterEnable                          0x08002ccd   Thumb Code    28  mb_m.o(i.eMBMasterEnable)
    eMBMasterFuncReadCoils                   0x08002ced   Thumb Code    98  mbfunccoils_m.o(i.eMBMasterFuncReadCoils)
    eMBMasterFuncReadDiscreteInputs          0x08002d4f   Thumb Code    96  mbfuncdisc_m.o(i.eMBMasterFuncReadDiscreteInputs)
    eMBMasterFuncReadHoldingRegister         0x08002daf   Thumb Code    82  mbfuncholding_m.o(i.eMBMasterFuncReadHoldingRegister)
    eMBMasterFuncReadInputRegister           0x08002e01   Thumb Code    80  mbfuncinput_m.o(i.eMBMasterFuncReadInputRegister)
    eMBMasterFuncReadWriteMultipleHoldingRegister 0x08002e51   Thumb Code   114  mbfuncholding_m.o(i.eMBMasterFuncReadWriteMultipleHoldingRegister)
    eMBMasterFuncWriteCoil                   0x08002ec3   Thumb Code    86  mbfunccoils_m.o(i.eMBMasterFuncWriteCoil)
    eMBMasterFuncWriteHoldingRegister        0x08002f19   Thumb Code    50  mbfuncholding_m.o(i.eMBMasterFuncWriteHoldingRegister)
    eMBMasterFuncWriteMultipleCoils          0x08002f4b   Thumb Code    96  mbfunccoils_m.o(i.eMBMasterFuncWriteMultipleCoils)
    eMBMasterFuncWriteMultipleHoldingRegister 0x08002fab   Thumb Code    76  mbfuncholding_m.o(i.eMBMasterFuncWriteMultipleHoldingRegister)
    eMBMasterInit                            0x08002ff9   Thumb Code    86  mb_m.o(i.eMBMasterInit)
    eMBMasterPoll                            0x08003071   Thumb Code   324  mb_m.o(i.eMBMasterPoll)
    eMBMasterRTUInit                         0x080031b9   Thumb Code    72  mbrtu_m.o(i.eMBMasterRTUInit)
    eMBMasterRTUReceive                      0x08003205   Thumb Code    68  mbrtu_m.o(i.eMBMasterRTUReceive)
    eMBMasterRTUSend                         0x08003251   Thumb Code   104  mbrtu_m.o(i.eMBMasterRTUSend)
    eMBMasterRTUStart                        0x080032c1   Thumb Code    32  mbrtu_m.o(i.eMBMasterRTUStart)
    eMBMasterRTUStop                         0x080032e5   Thumb Code    26  mbrtu_m.o(i.eMBMasterRTUStop)
    eMBMasterRegCoilsCB                      0x08003301   Thumb Code   114  user_mb_app_m.o(i.eMBMasterRegCoilsCB)
    eMBMasterRegDiscreteCB                   0x0800337d   Thumb Code   114  user_mb_app_m.o(i.eMBMasterRegDiscreteCB)
    eMBMasterRegHoldingCB                    0x080033f9   Thumb Code    86  user_mb_app_m.o(i.eMBMasterRegHoldingCB)
    eMBMasterRegInputCB                      0x08003459   Thumb Code    86  user_mb_app_m.o(i.eMBMasterRegInputCB)
    eMBMasterReqReadCoils                    0x080034b9   Thumb Code    76  mbfunccoils_m.o(i.eMBMasterReqReadCoils)
    eMBMasterReqReadDiscreteInputs           0x08003505   Thumb Code    76  mbfuncdisc_m.o(i.eMBMasterReqReadDiscreteInputs)
    eMBMasterReqReadHoldingRegister          0x08003551   Thumb Code    76  mbfuncholding_m.o(i.eMBMasterReqReadHoldingRegister)
    eMBMasterReqReadInputRegister            0x0800359d   Thumb Code    76  mbfuncinput_m.o(i.eMBMasterReqReadInputRegister)
    eMBMasterWaitRequestFinish               0x080035e9   Thumb Code    68  portevent_m.o(i.eMBMasterWaitRequestFinish)
    fputc                                    0x08003631   Thumb Code    20  usart.o(i.fputc)
    main                                     0x08003649   Thumb Code    40  main.o(i.main)
    osDelay                                  0x080036a9   Thumb Code    14  cmsis_os.o(i.osDelay)
    osKernelStart                            0x080036b7   Thumb Code    10  cmsis_os.o(i.osKernelStart)
    osSystickHandler                         0x080036c1   Thumb Code    20  cmsis_os.o(i.osSystickHandler)
    osThreadCreate                           0x080036d5   Thumb Code    46  cmsis_os.o(i.osThreadCreate)
    prveMBError2Exception                    0x08003a41   Thumb Code    24  mbutils.o(i.prveMBError2Exception)
    pvPortMalloc                             0x08003a59   Thumb Code   210  heap_4.o(i.pvPortMalloc)
    pxPortInitialiseStack                    0x08003b31   Thumb Code    40  port.o(i.pxPortInitialiseStack)
    set_rs485_mode                           0x08003b5d   Thumb Code    20  port_1.o(i.set_rs485_mode)
    ucMBMasterGetDestAddress                 0x08003b75   Thumb Code     6  mb_m.o(i.ucMBMasterGetDestAddress)
    usMBCRC16                                0x08003b81   Thumb Code    40  mbcrc.o(i.usMBCRC16)
    usMBMasterGetPDUSndLength                0x08003bad   Thumb Code     6  mbrtu_m.o(i.usMBMasterGetPDUSndLength)
    uxListRemove                             0x08003bb9   Thumb Code    36  list.o(i.uxListRemove)
    vListInitialise                          0x08003bdd   Thumb Code    22  list.o(i.vListInitialise)
    vListInitialiseItem                      0x08003bf3   Thumb Code     6  list.o(i.vListInitialiseItem)
    vListInsert                              0x08003bf9   Thumb Code    48  list.o(i.vListInsert)
    vListInsertEnd                           0x08003c29   Thumb Code    24  list.o(i.vListInsertEnd)
    vMBMasterCBRequestScuuess                0x08003c41   Thumb Code     6  portevent_m.o(i.vMBMasterCBRequestScuuess)
    vMBMasterErrorCBExecuteFunction          0x08003c47   Thumb Code     8  portevent_m.o(i.vMBMasterErrorCBExecuteFunction)
    vMBMasterErrorCBReceiveData              0x08003c4f   Thumb Code     6  portevent_m.o(i.vMBMasterErrorCBReceiveData)
    vMBMasterErrorCBRespondTimeout           0x08003c55   Thumb Code     6  portevent_m.o(i.vMBMasterErrorCBRespondTimeout)
    vMBMasterGetPDUSndBuf                    0x08003c5d   Thumb Code     6  mbrtu_m.o(i.vMBMasterGetPDUSndBuf)
    vMBMasterPortSerialEnable                0x08003c69   Thumb Code    78  portserial_m.o(i.vMBMasterPortSerialEnable)
    vMBMasterPortTimersConvertDelayEnable    0x08003cc1   Thumb Code    50  porttimer_m.o(i.vMBMasterPortTimersConvertDelayEnable)
    vMBMasterPortTimersDisable               0x08003cf9   Thumb Code     6  porttimer_m.o(i.vMBMasterPortTimersDisable)
    vMBMasterPortTimersRespondTimeoutEnable  0x08003d05   Thumb Code    50  porttimer_m.o(i.vMBMasterPortTimersRespondTimeoutEnable)
    vMBMasterPortTimersT35Enable             0x08003d3d   Thumb Code    42  porttimer_m.o(i.vMBMasterPortTimersT35Enable)
    vMBMasterRunResRelease                   0x08003d71   Thumb Code     2  portevent_m.o(i.vMBMasterRunResRelease)
    vMBMasterSetCurTimerMode                 0x08003d75   Thumb Code     6  mbrtu_m.o(i.vMBMasterSetCurTimerMode)
    vMBMasterSetDestAddress                  0x08003d81   Thumb Code     6  mb_m.o(i.vMBMasterSetDestAddress)
    vMBMasterSetErrorType                    0x08003d8d   Thumb Code     6  mb_m.o(i.vMBMasterSetErrorType)
    vMBMasterSetPDUSndLength                 0x08003d99   Thumb Code     6  mbrtu_m.o(i.vMBMasterSetPDUSndLength)
    vPortEnterCritical                       0x08003da5   Thumb Code    54  port.o(i.vPortEnterCritical)
    vPortExitCritical                        0x08003de5   Thumb Code    34  port.o(i.vPortExitCritical)
    vPortFree                                0x08003e0d   Thumb Code    88  heap_4.o(i.vPortFree)
    vPortSetupTimerInterrupt                 0x08003e69   Thumb Code    26  port.o(i.vPortSetupTimerInterrupt)
    vTaskDelay                               0x08003e89   Thumb Code    66  tasks.o(i.vTaskDelay)
    vTaskStartScheduler                      0x08003ed5   Thumb Code    86  tasks.o(i.vTaskStartScheduler)
    vTaskSuspendAll                          0x08003f3d   Thumb Code    10  tasks.o(i.vTaskSuspendAll)
    vTaskSwitchContext                       0x08003f4d   Thumb Code    82  tasks.o(i.vTaskSwitchContext)
    xMBMasterPortEventGet                    0x08003fa9   Thumb Code    24  portevent_m.o(i.xMBMasterPortEventGet)
    xMBMasterPortEventInit                   0x08003fc5   Thumb Code    10  portevent_m.o(i.xMBMasterPortEventInit)
    xMBMasterPortEventPost                   0x08003fd5   Thumb Code    32  portevent_m.o(i.xMBMasterPortEventPost)
    xMBMasterPortSerialGetByte               0x08003ff9   Thumb Code    22  portserial_m.o(i.xMBMasterPortSerialGetByte)
    xMBMasterPortSerialInit                  0x08004019   Thumb Code    80  portserial_m.o(i.xMBMasterPortSerialInit)
    xMBMasterPortSerialPutByte               0x0800406d   Thumb Code    16  portserial_m.o(i.xMBMasterPortSerialPutByte)
    xMBMasterPortTimersInit                  0x08004081   Thumb Code    40  porttimer_m.o(i.xMBMasterPortTimersInit)
    xMBMasterRTUReceiveFSM                   0x080040f1   Thumb Code    98  mbrtu_m.o(i.xMBMasterRTUReceiveFSM)
    xMBMasterRTUTimerExpired                 0x0800415d   Thumb Code    98  mbrtu_m.o(i.xMBMasterRTUTimerExpired)
    xMBMasterRTUTransmitFSM                  0x080041c5   Thumb Code    98  mbrtu_m.o(i.xMBMasterRTUTransmitFSM)
    xMBMasterRequestIsBroadcast              0x08004231   Thumb Code     6  mbrtu_m.o(i.xMBMasterRequestIsBroadcast)
    xMBMasterRunResTake                      0x0800423d   Thumb Code     8  portevent_m.o(i.xMBMasterRunResTake)
    xMBUtilGetBits                           0x08004249   Thumb Code    34  mbutils.o(i.xMBUtilGetBits)
    xMBUtilSetBits                           0x0800426b   Thumb Code    42  mbutils.o(i.xMBUtilSetBits)
    xPortStartScheduler                      0x08004295   Thumb Code   202  port.o(i.xPortStartScheduler)
    xPortSysTickHandler                      0x08004375   Thumb Code    38  port.o(i.xPortSysTickHandler)
    xTaskCreate                              0x080043a1   Thumb Code    86  tasks.o(i.xTaskCreate)
    xTaskGetSchedulerState                   0x080043fd   Thumb Code    22  tasks.o(i.xTaskGetSchedulerState)
    xTaskIncrementTick                       0x08004419   Thumb Code   192  tasks.o(i.xTaskIncrementTick)
    xTaskResumeAll                           0x080044e1   Thumb Code   182  tasks.o(i.xTaskResumeAll)
    AHBPrescTable                            0x080045a4   Data          16  system_stm32l4xx.o(.constdata)
    MSIRangeTable                            0x080045b4   Data          48  system_stm32l4xx.o(.constdata)
    APBPrescTable                            0x080045e4   Data           8  system_stm32l4xx.o(.constdata)
    Region$$Table$$Base                      0x080048ac   Number         0  anon$$obj.o(Region$$Table)
    Region$$Table$$Limit                     0x080048cc   Number         0  anon$$obj.o(Region$$Table)
    SystemCoreClock                          0x20000000   Data           4  system_stm32l4xx.o(.data)
    uwTick                                   0x20000004   Data           4  stm32l4xx_hal.o(.data)
    pxCurrentTCB                             0x20000008   Data           4  tasks.o(.data)
    pxMBMasterFrameCBByteReceived            0x200000a0   Data           4  mb_m.o(.data)
    pxMBMasterFrameCBTransmitterEmpty        0x200000a4   Data           4  mb_m.o(.data)
    pxMBMasterPortCBTimerExpired             0x200000a8   Data           4  mb_m.o(.data)
    usMDiscInStart                           0x2000012c   Data           2  user_mb_app_m.o(.data)
    usMCoilStart                             0x2000012e   Data           2  user_mb_app_m.o(.data)
    usMRegInStart                            0x20000130   Data           2  user_mb_app_m.o(.data)
    usMRegHoldStart                          0x20000132   Data           2  user_mb_app_m.o(.data)
    defaultTaskHandle                        0x20000144   Data           4  freertos.o(.data)
    modbusTaskHandle                         0x20000148   Data           4  freertos.o(.data)
    __stdout                                 0x2000014c   Data           4  stdout.o(.data)
    ucMDiscInBuf                             0x20002c5e   Data          16  user_mb_app_m.o(.bss)
    ucMCoilBuf                               0x20002c6e   Data          16  user_mb_app_m.o(.bss)
    usMRegInBuf                              0x20002c7e   Data         512  user_mb_app_m.o(.bss)
    usMRegHoldBuf                            0x20002e7e   Data         512  user_mb_app_m.o(.bss)
    htim1                                    0x20003080   Data          64  stm32l4xx_hal_timebase_tim.o(.bss)
    htim6                                    0x200030c0   Data          64  tim.o(.bss)
    huart1                                   0x20003100   Data         120  usart.o(.bss)
    huart2                                   0x20003178   Data         120  usart.o(.bss)
    __initial_sp                             0x200071f0   Data           0  startup_stm32l475xx.o(STACK)



==============================================================================

Memory Map of the image

  Image Entry point : 0x08000189

  Load Region LR_IROM1 (Base: 0x08000000, Size: 0x00004a1c, Max: 0x00100000, ABSOLUTE, COMPRESSED[0x00004914])

    Execution Region ER_IROM1 (Exec base: 0x08000000, Load base: 0x08000000, Size: 0x000048cc, Max: 0x00100000, ABSOLUTE)

    Exec Addr    Load Addr    Size         Type   Attr      Idx    E Section Name        Object

    0x08000000   0x08000000   0x00000188   Data   RO         5685    RESET               startup_stm32l475xx.o
    0x08000188   0x08000188   0x00000000   Code   RO         6103  * .ARM.Collect$$$$00000000  mc_w.l(entry.o)
    0x08000188   0x08000188   0x00000004   Code   RO         6373    .ARM.Collect$$$$00000001  mc_w.l(entry2.o)
    0x0800018c   0x0800018c   0x00000004   Code   RO         6376    .ARM.Collect$$$$00000004  mc_w.l(entry5.o)
    0x08000190   0x08000190   0x00000000   Code   RO         6378    .ARM.Collect$$$$00000008  mc_w.l(entry7b.o)
    0x08000190   0x08000190   0x00000000   Code   RO         6380    .ARM.Collect$$$$0000000A  mc_w.l(entry8b.o)
    0x08000190   0x08000190   0x00000008   Code   RO         6381    .ARM.Collect$$$$0000000B  mc_w.l(entry9a.o)
    0x08000198   0x08000198   0x00000000   Code   RO         6383    .ARM.Collect$$$$0000000D  mc_w.l(entry10a.o)
    0x08000198   0x08000198   0x00000000   Code   RO         6385    .ARM.Collect$$$$0000000F  mc_w.l(entry11a.o)
    0x08000198   0x08000198   0x00000004   Code   RO         6374    .ARM.Collect$$$$00002712  mc_w.l(entry2.o)
    0x0800019c   0x0800019c   0x000000da   Code   RO         4303    .emb_text           port.o
    0x08000276   0x08000276   0x00000002   PAD
    0x08000278   0x08000278   0x00000024   Code   RO         5686    .text               startup_stm32l475xx.o
    0x0800029c   0x0800029c   0x00000068   Code   RO         6106    .text               mc_w.l(uldiv.o)
    0x08000304   0x08000304   0x00000024   Code   RO         6108    .text               mc_w.l(memcpya.o)
    0x08000328   0x08000328   0x0000001e   Code   RO         6390    .text               mc_w.l(llshl.o)
    0x08000346   0x08000346   0x00000020   Code   RO         6392    .text               mc_w.l(llushr.o)
    0x08000366   0x08000366   0x00000002   PAD
    0x08000368   0x08000368   0x00000024   Code   RO         6405    .text               mc_w.l(init.o)
    0x0800038c   0x0800038c   0x00000056   Code   RO         6419    .text               mc_w.l(__dczerorl2.o)
    0x080003e2   0x080003e2   0x00000002   PAD
    0x080003e4   0x080003e4   0x00000018   Code   RO         5820    i.BusFault_Handler  stm32l4xx_it.o
    0x080003fc   0x080003fc   0x00000002   Code   RO         5821    i.DebugMon_Handler  stm32l4xx_it.o
    0x080003fe   0x080003fe   0x00000002   Code   RO         5332    i.EnterCriticalSection  port_1.o
    0x08000400   0x08000400   0x00000002   Code   RO         5333    i.ExitCriticalSection  port_1.o
    0x08000402   0x08000402   0x0000004a   Code   RO         2428    i.HAL_DMA_Abort_IT  stm32l4xx_hal_dma.o
    0x0800044c   0x0800044c   0x0000001c   Code   RO         2797    i.HAL_Delay         stm32l4xx_hal.o
    0x08000468   0x08000468   0x000001ca   Code   RO         1240    i.HAL_GPIO_Init     stm32l4xx_hal_gpio.o
    0x08000632   0x08000632   0x0000000a   Code   RO         1244    i.HAL_GPIO_WritePin  stm32l4xx_hal_gpio.o
    0x0800063c   0x0800063c   0x0000000c   Code   RO         2801    i.HAL_GetTick       stm32l4xx_hal.o
    0x08000648   0x08000648   0x00000010   Code   RO         2805    i.HAL_IncTick       stm32l4xx_hal.o
    0x08000658   0x08000658   0x00000016   Code   RO         2806    i.HAL_Init          stm32l4xx_hal.o
    0x0800066e   0x0800066e   0x00000002   PAD
    0x08000670   0x08000670   0x00000074   Code   RO         5717    i.HAL_InitTick      stm32l4xx_hal_timebase_tim.o
    0x080006e4   0x080006e4   0x00000080   Code   RO         5693    i.HAL_MspInit       stm32l4xx_hal_msp.o
    0x08000764   0x08000764   0x00000016   Code   RO         2526    i.HAL_NVIC_EnableIRQ  stm32l4xx_hal_cortex.o
    0x0800077a   0x0800077a   0x00000002   PAD
    0x0800077c   0x0800077c   0x00000040   Code   RO         2532    i.HAL_NVIC_SetPriority  stm32l4xx_hal_cortex.o
    0x080007bc   0x080007bc   0x00000024   Code   RO         2533    i.HAL_NVIC_SetPriorityGrouping  stm32l4xx_hal_cortex.o
    0x080007e0   0x080007e0   0x00000064   Code   RO          992    i.HAL_PWREx_ControlVoltageScaling  stm32l4xx_hal_pwr_ex.o
    0x08000844   0x08000844   0x00000010   Code   RO         1023    i.HAL_PWREx_GetVoltageRange  stm32l4xx_hal_pwr_ex.o
    0x08000854   0x08000854   0x000003ae   Code   RO          263    i.HAL_RCCEx_PeriphCLKConfig  stm32l4xx_hal_rcc_ex.o
    0x08000c02   0x08000c02   0x00000002   PAD
    0x08000c04   0x08000c04   0x00000178   Code   RO          144    i.HAL_RCC_ClockConfig  stm32l4xx_hal_rcc.o
    0x08000d7c   0x08000d7c   0x00000040   Code   RO          147    i.HAL_RCC_GetClockConfig  stm32l4xx_hal_rcc.o
    0x08000dbc   0x08000dbc   0x0000000c   Code   RO          148    i.HAL_RCC_GetHCLKFreq  stm32l4xx_hal_rcc.o
    0x08000dc8   0x08000dc8   0x00000020   Code   RO          150    i.HAL_RCC_GetPCLK1Freq  stm32l4xx_hal_rcc.o
    0x08000de8   0x08000de8   0x00000020   Code   RO          151    i.HAL_RCC_GetPCLK2Freq  stm32l4xx_hal_rcc.o
    0x08000e08   0x08000e08   0x000000c4   Code   RO          152    i.HAL_RCC_GetSysClockFreq  stm32l4xx_hal_rcc.o
    0x08000ecc   0x08000ecc   0x00000468   Code   RO          155    i.HAL_RCC_OscConfig  stm32l4xx_hal_rcc.o
    0x08001334   0x08001334   0x00000018   Code   RO         2535    i.HAL_SYSTICK_CLKSourceConfig  stm32l4xx_hal_cortex.o
    0x0800134c   0x0800134c   0x00000028   Code   RO         2537    i.HAL_SYSTICK_Config  stm32l4xx_hal_cortex.o
    0x08001374   0x08001374   0x00000002   Code   RO          740    i.HAL_TIMEx_BreakCallback  stm32l4xx_hal_tim_ex.o
    0x08001376   0x08001376   0x00000002   Code   RO          741    i.HAL_TIMEx_CommutationCallback  stm32l4xx_hal_tim_ex.o
    0x08001378   0x08001378   0x00000058   Code   RO          759    i.HAL_TIMEx_MasterConfigSynchronization  stm32l4xx_hal_tim_ex.o
    0x080013d0   0x080013d0   0x00000036   Code   RO         1733    i.HAL_TIM_Base_Init  stm32l4xx_hal_tim.o
    0x08001406   0x08001406   0x00000002   PAD
    0x08001408   0x08001408   0x0000003c   Code   RO         5916    i.HAL_TIM_Base_MspInit  tim.o
    0x08001444   0x08001444   0x00000018   Code   RO         1738    i.HAL_TIM_Base_Start_IT  stm32l4xx_hal_tim.o
    0x0800145c   0x0800145c   0x0000002a   Code   RO         1741    i.HAL_TIM_Base_Stop_IT  stm32l4xx_hal_tim.o
    0x08001486   0x08001486   0x00000002   Code   RO         1762    i.HAL_TIM_IC_CaptureCallback  stm32l4xx_hal_tim.o
    0x08001488   0x08001488   0x00000166   Code   RO         1775    i.HAL_TIM_IRQHandler  stm32l4xx_hal_tim.o
    0x080015ee   0x080015ee   0x00000002   Code   RO         1778    i.HAL_TIM_OC_DelayElapsedCallback  stm32l4xx_hal_tim.o
    0x080015f0   0x080015f0   0x00000002   Code   RO         1805    i.HAL_TIM_PWM_PulseFinishedCallback  stm32l4xx_hal_tim.o
    0x080015f2   0x080015f2   0x00000002   PAD
    0x080015f4   0x080015f4   0x00000034   Code   RO         6011    i.HAL_TIM_PeriodElapsedCallback  main.o
    0x08001628   0x08001628   0x00000002   Code   RO         1816    i.HAL_TIM_TriggerCallback  stm32l4xx_hal_tim.o
    0x0800162a   0x0800162a   0x00000002   Code   RO         2377    i.HAL_UARTEx_WakeupCallback  stm32l4xx_hal_uart_ex.o
    0x0800162c   0x0800162c   0x00000002   Code   RO          406    i.HAL_UART_ErrorCallback  stm32l4xx_hal_uart.o
    0x0800162e   0x0800162e   0x00000002   PAD
    0x08001630   0x08001630   0x0000014c   Code   RO          409    i.HAL_UART_IRQHandler  stm32l4xx_hal_uart.o
    0x0800177c   0x0800177c   0x0000006a   Code   RO          410    i.HAL_UART_Init     stm32l4xx_hal_uart.o
    0x080017e6   0x080017e6   0x00000002   PAD
    0x080017e8   0x080017e8   0x00000088   Code   RO         5958    i.HAL_UART_MspInit  usart.o
    0x08001870   0x08001870   0x000000ac   Code   RO          415    i.HAL_UART_Receive_IT  stm32l4xx_hal_uart.o
    0x0800191c   0x0800191c   0x0000001c   Code   RO         6012    i.HAL_UART_RxCpltCallback  main.o
    0x08001938   0x08001938   0x000000b0   Code   RO          418    i.HAL_UART_Transmit  stm32l4xx_hal_uart.o
    0x080019e8   0x080019e8   0x00000068   Code   RO          420    i.HAL_UART_Transmit_IT  stm32l4xx_hal_uart.o
    0x08001a50   0x08001a50   0x0000001c   Code   RO         6013    i.HAL_UART_TxCpltCallback  main.o
    0x08001a6c   0x08001a6c   0x00000018   Code   RO         5822    i.HardFault_Handler  stm32l4xx_it.o
    0x08001a84   0x08001a84   0x000002d4   Code   RO         6072    i.MBSysMonitorTask  modbus_example.o
    0x08001d58   0x08001d58   0x0000003c   Code   RO         5781    i.MX_FREERTOS_Init  freertos.o
    0x08001d94   0x08001d94   0x00000064   Code   RO         5757    i.MX_GPIO_Init      gpio.o
    0x08001df8   0x08001df8   0x0000005c   Code   RO         5917    i.MX_TIM6_Init      tim.o
    0x08001e54   0x08001e54   0x00000050   Code   RO         5959    i.MX_USART1_UART_Init  usart.o
    0x08001ea4   0x08001ea4   0x00000050   Code   RO         5960    i.MX_USART2_UART_Init  usart.o
    0x08001ef4   0x08001ef4   0x00000018   Code   RO         5823    i.MemManage_Handler  stm32l4xx_it.o
    0x08001f0c   0x08001f0c   0x00000050   Code   RO         6073    i.ModBusProcessTask  modbus_example.o
    0x08001f5c   0x08001f5c   0x00000002   Code   RO         5824    i.NMI_Handler       stm32l4xx_it.o
    0x08001f5e   0x08001f5e   0x00000020   Code   RO         2539    i.NVIC_SetPriority  stm32l4xx_hal_cortex.o
    0x08001f7e   0x08001f7e   0x00000002   PAD
    0x08001f80   0x08001f80   0x0000012c   Code   RO          266    i.RCCEx_PLLSAI1_Config  stm32l4xx_hal_rcc_ex.o
    0x080020ac   0x080020ac   0x00000108   Code   RO          267    i.RCCEx_PLLSAI2_Config  stm32l4xx_hal_rcc_ex.o
    0x080021b4   0x080021b4   0x0000007c   Code   RO          156    i.RCC_SetFlashLatencyFromMSIRange  stm32l4xx_hal_rcc.o
    0x08002230   0x08002230   0x00000008   Code   RO         5782    i.StartDefaultTask  freertos.o
    0x08002238   0x08002238   0x00000004   Code   RO         5825    i.SysTick_Handler   stm32l4xx_it.o
    0x0800223c   0x0800223c   0x0000007a   Code   RO         6014    i.SystemClock_Config  main.o
    0x080022b6   0x080022b6   0x00000002   PAD
    0x080022b8   0x080022b8   0x00000044   Code   RO            5    i.SystemInit        system_stm32l4xx.o
    0x080022fc   0x080022fc   0x0000000c   Code   RO         5826    i.TIM1_UP_TIM16_IRQHandler  stm32l4xx_it.o
    0x08002308   0x08002308   0x0000000c   Code   RO         5827    i.TIM6_DAC_IRQHandler  stm32l4xx_it.o
    0x08002314   0x08002314   0x000000c0   Code   RO         1817    i.TIM_Base_SetConfig  stm32l4xx_hal_tim.o
    0x080023d4   0x080023d4   0x00000010   Code   RO         5628    i.TIM_Period_Reload  porttimer_m.o
    0x080023e4   0x080023e4   0x000000c8   Code   RO          423    i.UART_AdvFeatureConfig  stm32l4xx_hal_uart.o
    0x080024ac   0x080024ac   0x0000005c   Code   RO          424    i.UART_CheckIdleState  stm32l4xx_hal_uart.o
    0x08002508   0x08002508   0x00000014   Code   RO          425    i.UART_DMAAbortOnError  stm32l4xx_hal_uart.o
    0x0800251c   0x0800251c   0x00000020   Code   RO          435    i.UART_EndRxTransfer  stm32l4xx_hal_uart.o
    0x0800253c   0x0800253c   0x0000005c   Code   RO          437    i.UART_RxISR_16BIT  stm32l4xx_hal_uart.o
    0x08002598   0x08002598   0x0000005a   Code   RO          438    i.UART_RxISR_8BIT   stm32l4xx_hal_uart.o
    0x080025f2   0x080025f2   0x00000002   PAD
    0x080025f4   0x080025f4   0x000002a0   Code   RO          439    i.UART_SetConfig    stm32l4xx_hal_uart.o
    0x08002894   0x08002894   0x00000042   Code   RO          440    i.UART_TxISR_16BIT  stm32l4xx_hal_uart.o
    0x080028d6   0x080028d6   0x0000003c   Code   RO          441    i.UART_TxISR_8BIT   stm32l4xx_hal_uart.o
    0x08002912   0x08002912   0x00000064   Code   RO          442    i.UART_WaitOnFlagUntilTimeout  stm32l4xx_hal_uart.o
    0x08002976   0x08002976   0x00000002   PAD
    0x08002978   0x08002978   0x0000000c   Code   RO         5828    i.USART2_IRQHandler  stm32l4xx_it.o
    0x08002984   0x08002984   0x00000018   Code   RO         5829    i.UsageFault_Handler  stm32l4xx_it.o
    0x0800299c   0x0800299c   0x00000002   Code   RO         6015    i._Error_Handler    main.o
    0x0800299e   0x0800299e   0x00000002   PAD
    0x080029a0   0x080029a0   0x00000020   Code   RO         6245    i.__0printf$5       mc_w.l(printf5.o)
    0x080029c0   0x080029c0   0x0000000e   Code   RO         6413    i.__scatterload_copy  mc_w.l(handlers.o)
    0x080029ce   0x080029ce   0x00000002   Code   RO         6414    i.__scatterload_null  mc_w.l(handlers.o)
    0x080029d0   0x080029d0   0x0000000e   Code   RO         6415    i.__scatterload_zeroinit  mc_w.l(handlers.o)
    0x080029de   0x080029de   0x00000002   PAD
    0x080029e0   0x080029e0   0x000002c6   Code   RO         6252    i._printf_core      mc_w.l(printf5.o)
    0x08002ca6   0x08002ca6   0x00000002   PAD
    0x08002ca8   0x08002ca8   0x00000024   Code   RO         4762    i.eMBFuncReportSlaveID  mbfuncother.o
    0x08002ccc   0x08002ccc   0x00000020   Code   RO         5133    i.eMBMasterEnable   mb_m.o
    0x08002cec   0x08002cec   0x00000062   Code   RO         4486    i.eMBMasterFuncReadCoils  mbfunccoils_m.o
    0x08002d4e   0x08002d4e   0x00000060   Code   RO         4570    i.eMBMasterFuncReadDiscreteInputs  mbfuncdisc_m.o
    0x08002dae   0x08002dae   0x00000052   Code   RO         4642    i.eMBMasterFuncReadHoldingRegister  mbfuncholding_m.o
    0x08002e00   0x08002e00   0x00000050   Code   RO         4732    i.eMBMasterFuncReadInputRegister  mbfuncinput_m.o
    0x08002e50   0x08002e50   0x00000072   Code   RO         4643    i.eMBMasterFuncReadWriteMultipleHoldingRegister  mbfuncholding_m.o
    0x08002ec2   0x08002ec2   0x00000056   Code   RO         4487    i.eMBMasterFuncWriteCoil  mbfunccoils_m.o
    0x08002f18   0x08002f18   0x00000032   Code   RO         4644    i.eMBMasterFuncWriteHoldingRegister  mbfuncholding_m.o
    0x08002f4a   0x08002f4a   0x00000060   Code   RO         4488    i.eMBMasterFuncWriteMultipleCoils  mbfunccoils_m.o
    0x08002faa   0x08002faa   0x0000004c   Code   RO         4645    i.eMBMasterFuncWriteMultipleHoldingRegister  mbfuncholding_m.o
    0x08002ff6   0x08002ff6   0x00000002   PAD
    0x08002ff8   0x08002ff8   0x00000078   Code   RO         5135    i.eMBMasterInit     mb_m.o
    0x08003070   0x08003070   0x00000148   Code   RO         5137    i.eMBMasterPoll     mb_m.o
    0x080031b8   0x080031b8   0x0000004c   Code   RO         4936    i.eMBMasterRTUInit  mbrtu_m.o
    0x08003204   0x08003204   0x0000004c   Code   RO         4937    i.eMBMasterRTUReceive  mbrtu_m.o
    0x08003250   0x08003250   0x00000070   Code   RO         4938    i.eMBMasterRTUSend  mbrtu_m.o
    0x080032c0   0x080032c0   0x00000024   Code   RO         4939    i.eMBMasterRTUStart  mbrtu_m.o
    0x080032e4   0x080032e4   0x0000001a   Code   RO         4940    i.eMBMasterRTUStop  mbrtu_m.o
    0x080032fe   0x080032fe   0x00000002   PAD
    0x08003300   0x08003300   0x0000007c   Code   RO         5283    i.eMBMasterRegCoilsCB  user_mb_app_m.o
    0x0800337c   0x0800337c   0x0000007c   Code   RO         5284    i.eMBMasterRegDiscreteCB  user_mb_app_m.o
    0x080033f8   0x080033f8   0x00000060   Code   RO         5285    i.eMBMasterRegHoldingCB  user_mb_app_m.o
    0x08003458   0x08003458   0x00000060   Code   RO         5286    i.eMBMasterRegInputCB  user_mb_app_m.o
    0x080034b8   0x080034b8   0x0000004c   Code   RO         4489    i.eMBMasterReqReadCoils  mbfunccoils_m.o
    0x08003504   0x08003504   0x0000004c   Code   RO         4571    i.eMBMasterReqReadDiscreteInputs  mbfuncdisc_m.o
    0x08003550   0x08003550   0x0000004c   Code   RO         4646    i.eMBMasterReqReadHoldingRegister  mbfuncholding_m.o
    0x0800359c   0x0800359c   0x0000004c   Code   RO         4733    i.eMBMasterReqReadInputRegister  mbfuncinput_m.o
    0x080035e8   0x080035e8   0x00000048   Code   RO         5406    i.eMBMasterWaitRequestFinish  portevent_m.o
    0x08003630   0x08003630   0x00000018   Code   RO         5961    i.fputc             usart.o
    0x08003648   0x08003648   0x00000054   Code   RO         6016    i.main              main.o
    0x0800369c   0x0800369c   0x0000000c   Code   RO         3586    i.makeFreeRtosPriority  cmsis_os.o
    0x080036a8   0x080036a8   0x0000000e   Code   RO         3588    i.osDelay           cmsis_os.o
    0x080036b6   0x080036b6   0x0000000a   Code   RO         3591    i.osKernelStart     cmsis_os.o
    0x080036c0   0x080036c0   0x00000014   Code   RO         3624    i.osSystickHandler  cmsis_os.o
    0x080036d4   0x080036d4   0x0000002e   Code   RO         3625    i.osThreadCreate    cmsis_os.o
    0x08003702   0x08003702   0x00000002   PAD
    0x08003704   0x08003704   0x00000070   Code   RO         3963    i.prvAddCurrentTaskToDelayedList  tasks.o
    0x08003774   0x08003774   0x000000d0   Code   RO         3964    i.prvAddNewTaskToReadyList  tasks.o
    0x08003844   0x08003844   0x00000050   Code   RO         3965    i.prvCheckTasksWaitingTermination  tasks.o
    0x08003894   0x08003894   0x00000014   Code   RO         3966    i.prvDeleteTCB      tasks.o
    0x080038a8   0x080038a8   0x0000004c   Code   RO         4242    i.prvHeapInit       heap_4.o
    0x080038f4   0x080038f4   0x00000028   Code   RO         3967    i.prvIdleTask       tasks.o
    0x0800391c   0x0800391c   0x0000008e   Code   RO         3968    i.prvInitialiseNewTask  tasks.o
    0x080039aa   0x080039aa   0x00000002   PAD
    0x080039ac   0x080039ac   0x0000004c   Code   RO         4243    i.prvInsertBlockIntoFreeList  heap_4.o
    0x080039f8   0x080039f8   0x00000020   Code   RO         3969    i.prvResetNextTaskUnblockTime  tasks.o
    0x08003a18   0x08003a18   0x00000028   Code   RO         4304    i.prvTaskExitError  port.o
    0x08003a40   0x08003a40   0x00000018   Code   RO         4795    i.prveMBError2Exception  mbutils.o
    0x08003a58   0x08003a58   0x000000d8   Code   RO         4244    i.pvPortMalloc      heap_4.o
    0x08003b30   0x08003b30   0x0000002c   Code   RO         4305    i.pxPortInitialiseStack  port.o
    0x08003b5c   0x08003b5c   0x00000018   Code   RO         5334    i.set_rs485_mode    port_1.o
    0x08003b74   0x08003b74   0x0000000c   Code   RO         5138    i.ucMBMasterGetDestAddress  mb_m.o
    0x08003b80   0x08003b80   0x0000002c   Code   RO         4831    i.usMBCRC16         mbcrc.o
    0x08003bac   0x08003bac   0x0000000c   Code   RO         4941    i.usMBMasterGetPDUSndLength  mbrtu_m.o
    0x08003bb8   0x08003bb8   0x00000024   Code   RO         3546    i.uxListRemove      list.o
    0x08003bdc   0x08003bdc   0x00000016   Code   RO         3547    i.vListInitialise   list.o
    0x08003bf2   0x08003bf2   0x00000006   Code   RO         3548    i.vListInitialiseItem  list.o
    0x08003bf8   0x08003bf8   0x00000030   Code   RO         3549    i.vListInsert       list.o
    0x08003c28   0x08003c28   0x00000018   Code   RO         3550    i.vListInsertEnd    list.o
    0x08003c40   0x08003c40   0x00000006   Code   RO         5407    i.vMBMasterCBRequestScuuess  portevent_m.o
    0x08003c46   0x08003c46   0x00000008   Code   RO         5408    i.vMBMasterErrorCBExecuteFunction  portevent_m.o
    0x08003c4e   0x08003c4e   0x00000006   Code   RO         5409    i.vMBMasterErrorCBReceiveData  portevent_m.o
    0x08003c54   0x08003c54   0x00000006   Code   RO         5410    i.vMBMasterErrorCBRespondTimeout  portevent_m.o
    0x08003c5a   0x08003c5a   0x00000002   PAD
    0x08003c5c   0x08003c5c   0x0000000c   Code   RO         4942    i.vMBMasterGetPDUSndBuf  mbrtu_m.o
    0x08003c68   0x08003c68   0x00000058   Code   RO         5543    i.vMBMasterPortSerialEnable  portserial_m.o
    0x08003cc0   0x08003cc0   0x00000038   Code   RO         5629    i.vMBMasterPortTimersConvertDelayEnable  porttimer_m.o
    0x08003cf8   0x08003cf8   0x0000000c   Code   RO         5630    i.vMBMasterPortTimersDisable  porttimer_m.o
    0x08003d04   0x08003d04   0x00000038   Code   RO         5631    i.vMBMasterPortTimersRespondTimeoutEnable  porttimer_m.o
    0x08003d3c   0x08003d3c   0x00000034   Code   RO         5632    i.vMBMasterPortTimersT35Enable  porttimer_m.o
    0x08003d70   0x08003d70   0x00000002   Code   RO         5412    i.vMBMasterRunResRelease  portevent_m.o
    0x08003d72   0x08003d72   0x00000002   PAD
    0x08003d74   0x08003d74   0x0000000c   Code   RO         4944    i.vMBMasterSetCurTimerMode  mbrtu_m.o
    0x08003d80   0x08003d80   0x0000000c   Code   RO         5140    i.vMBMasterSetDestAddress  mb_m.o
    0x08003d8c   0x08003d8c   0x0000000c   Code   RO         5141    i.vMBMasterSetErrorType  mb_m.o
    0x08003d98   0x08003d98   0x0000000c   Code   RO         4945    i.vMBMasterSetPDUSndLength  mbrtu_m.o
    0x08003da4   0x08003da4   0x00000040   Code   RO         4307    i.vPortEnterCritical  port.o
    0x08003de4   0x08003de4   0x00000028   Code   RO         4308    i.vPortExitCritical  port.o
    0x08003e0c   0x08003e0c   0x0000005c   Code   RO         4245    i.vPortFree         heap_4.o
    0x08003e68   0x08003e68   0x00000020   Code   RO         4309    i.vPortSetupTimerInterrupt  port.o
    0x08003e88   0x08003e88   0x0000004c   Code   RO         3977    i.vTaskDelay        tasks.o
    0x08003ed4   0x08003ed4   0x00000068   Code   RO         3988    i.vTaskStartScheduler  tasks.o
    0x08003f3c   0x08003f3c   0x00000010   Code   RO         3990    i.vTaskSuspendAll   tasks.o
    0x08003f4c   0x08003f4c   0x0000005c   Code   RO         3991    i.vTaskSwitchContext  tasks.o
    0x08003fa8   0x08003fa8   0x0000001c   Code   RO         5413    i.xMBMasterPortEventGet  portevent_m.o
    0x08003fc4   0x08003fc4   0x00000010   Code   RO         5414    i.xMBMasterPortEventInit  portevent_m.o
    0x08003fd4   0x08003fd4   0x00000024   Code   RO         5415    i.xMBMasterPortEventPost  portevent_m.o
    0x08003ff8   0x08003ff8   0x00000020   Code   RO         5544    i.xMBMasterPortSerialGetByte  portserial_m.o
    0x08004018   0x08004018   0x00000054   Code   RO         5545    i.xMBMasterPortSerialInit  portserial_m.o
    0x0800406c   0x0800406c   0x00000014   Code   RO         5546    i.xMBMasterPortSerialPutByte  portserial_m.o
    0x08004080   0x08004080   0x00000070   Code   RO         5633    i.xMBMasterPortTimersInit  porttimer_m.o
    0x080040f0   0x080040f0   0x0000006c   Code   RO         4946    i.xMBMasterRTUReceiveFSM  mbrtu_m.o
    0x0800415c   0x0800415c   0x00000068   Code   RO         4947    i.xMBMasterRTUTimerExpired  mbrtu_m.o
    0x080041c4   0x080041c4   0x0000006c   Code   RO         4948    i.xMBMasterRTUTransmitFSM  mbrtu_m.o
    0x08004230   0x08004230   0x0000000c   Code   RO         4949    i.xMBMasterRequestIsBroadcast  mbrtu_m.o
    0x0800423c   0x0800423c   0x0000000c   Code   RO         5416    i.xMBMasterRunResTake  portevent_m.o
    0x08004248   0x08004248   0x00000022   Code   RO         4796    i.xMBUtilGetBits    mbutils.o
    0x0800426a   0x0800426a   0x0000002a   Code   RO         4797    i.xMBUtilSetBits    mbutils.o
    0x08004294   0x08004294   0x000000e0   Code   RO         4311    i.xPortStartScheduler  port.o
    0x08004374   0x08004374   0x0000002c   Code   RO         4312    i.xPortSysTickHandler  port.o
    0x080043a0   0x080043a0   0x0000005c   Code   RO         3993    i.xTaskCreate       tasks.o
    0x080043fc   0x080043fc   0x0000001c   Code   RO         3997    i.xTaskGetSchedulerState  tasks.o
    0x08004418   0x08004418   0x000000c8   Code   RO         4000    i.xTaskIncrementTick  tasks.o
    0x080044e0   0x080044e0   0x000000c4   Code   RO         4006    i.xTaskResumeAll    tasks.o
    0x080045a4   0x080045a4   0x00000040   Data   RO            6    .constdata          system_stm32l4xx.o
    0x080045e4   0x080045e4   0x00000008   Data   RO            7    .constdata          system_stm32l4xx.o
    0x080045ec   0x080045ec   0x00000200   Data   RO         4832    .constdata          mbcrc.o
    0x080047ec   0x080047ec   0x00000028   Data   RO         5783    .constdata          freertos.o
    0x08004814   0x08004814   0x00000048   Data   RO         5830    .constdata          stm32l4xx_it.o
    0x0800485c   0x0800485c   0x00000028   Data   RO         6074    .constdata          modbus_example.o
    0x08004884   0x08004884   0x00000018   Data   RO         5784    .conststring        freertos.o
    0x0800489c   0x0800489c   0x0000000d   Data   RO         6075    .conststring        modbus_example.o
    0x080048a9   0x080048a9   0x00000003   PAD
    0x080048ac   0x080048ac   0x00000020   Data   RO         6411    Region$$Table       anon$$obj.o


    Execution Region RW_IRAM1 (Exec base: 0x20000000, Load base: 0x080048cc, Size: 0x000071f0, Max: 0x00018000, ABSOLUTE, COMPRESSED[0x00000048])

    Exec Addr    Load Addr    Size         Type   Attr      Idx    E Section Name        Object

    0x20000000   COMPRESSED   0x00000004   Data   RW            8    .data               system_stm32l4xx.o
    0x20000004   COMPRESSED   0x00000004   Data   RW         2822    .data               stm32l4xx_hal.o
    0x20000008   COMPRESSED   0x0000003c   Data   RW         4009    .data               tasks.o
    0x20000044   COMPRESSED   0x00000018   Data   RW         4250    .data               heap_4.o
    0x2000005c   COMPRESSED   0x0000000c   Data   RW         4313    .data               port.o
    0x20000068   COMPRESSED   0x00000002   Data   RW         4765    .data               mbfuncother.o
    0x2000006a   COMPRESSED   0x00000002   PAD
    0x2000006c   COMPRESSED   0x00000010   Data   RW         4951    .data               mbrtu_m.o
    0x2000007c   COMPRESSED   0x000000b0   Data   RW         5143    .data               mb_m.o
    0x2000012c   COMPRESSED   0x00000008   Data   RW         5288    .data               user_mb_app_m.o
    0x20000134   COMPRESSED   0x0000000c   Data   RW         5417    .data               portevent_m.o
    0x20000140   COMPRESSED   0x00000001   Data   RW         5547    .data               portserial_m.o
    0x20000141   COMPRESSED   0x00000001   PAD
    0x20000142   COMPRESSED   0x00000002   Data   RW         5634    .data               porttimer_m.o
    0x20000144   COMPRESSED   0x00000008   Data   RW         5785    .data               freertos.o
    0x2000014c   COMPRESSED   0x00000004   Data   RW         6387    .data               mc_w.l(stdout.o)
    0x20000150        -       0x000000f0   Zero   RW         4008    .bss                tasks.o
    0x20000240        -       0x00002800   Zero   RW         4249    .bss                heap_4.o
    0x20002a40        -       0x00000020   Zero   RW         4764    .bss                mbfuncother.o
    0x20002a60        -       0x000001fd   Zero   RW         4950    .bss                mbrtu_m.o
    0x20002c5d   COMPRESSED   0x00000001   PAD
    0x20002c5e        -       0x00000420   Zero   RW         5287    .bss                user_mb_app_m.o
    0x2000307e   COMPRESSED   0x00000002   PAD
    0x20003080        -       0x00000040   Zero   RW         5720    .bss                stm32l4xx_hal_timebase_tim.o
    0x200030c0        -       0x00000040   Zero   RW         5918    .bss                tim.o
    0x20003100        -       0x000000f0   Zero   RW         5962    .bss                usart.o
    0x200031f0        -       0x00004000   Zero   RW         5683    STACK               startup_stm32l475xx.o


==============================================================================

Image component sizes


      Code (inc. data)   RO Data    RW Data    ZI Data      Debug   Object Name

       102          0          0          0          0      15364   cmsis_os.o
         0          0          0          0          0       8092   croutine.o
         0          0          0          0          0      14228   event_groups.o
        68          8         64          8          0       5399   freertos.o
       100          8          0          0          0        927   gpio.o
       460         24          0         24      10240       7439   heap_4.o
       136          0          0          0          0       3638   list.o
       316         78          0          0          0       3993   main.o
       516         60          0        176          0       7760   mb_m.o
         0          0          0          0          0       5030   mbascii.o
        44          4        512          0          0       1440   mbcrc.o
       356          0          0          0          0       6164   mbfunccoils_m.o
       172          0          0          0          0       2891   mbfuncdisc_m.o
       398          0          0          0          0       7101   mbfuncholding_m.o
       156          0          0          0          0       2877   mbfuncinput_m.o
        36         10          0          2         32       1623   mbfuncother.o
       706         80          0         16        509      10725   mbrtu_m.o
       100          0          0          0          0       2970   mbutils.o
       804        436         53          0          0       1928   modbus_example.o
       706         74          0         12          0      11196   port.o
        28          4          0          0          0       1662   port_1.o
       192         22          0         12          0       7243   portevent_m.o
       224         28          0          1          0       3768   portserial_m.o
       304        100          0          2          0       4644   porttimer_m.o
         0          0          0          0          0       2512   queue.o
        36          8        392          0      16384        820   startup_stm32l475xx.o
        78         12          0          4          0       3612   stm32l4xx_hal.o
       218         14          0          0          0      31137   stm32l4xx_hal_cortex.o
        74          0          0          0          0       1115   stm32l4xx_hal_dma.o
       468         38          0          0          0       2576   stm32l4xx_hal_gpio.o
       128          6          0          0          0        934   stm32l4xx_hal_msp.o
       116         20          0          0          0       1394   stm32l4xx_hal_pwr_ex.o
      1964        104          0          0          0       7965   stm32l4xx_hal_rcc.o
      1506         44          0          0          0       4116   stm32l4xx_hal_rcc_ex.o
       678         32          0          0          0       7316   stm32l4xx_hal_tim.o
        92         10          0          0          0       2614   stm32l4xx_hal_tim_ex.o
       116         18          0          0         64       1492   stm32l4xx_hal_timebase_tim.o
      2316         90          0          0          0      13993   stm32l4xx_hal_uart.o
         2          0          0          0          0       1032   stm32l4xx_hal_uart_ex.o
       140         74         72          0          0       8392   stm32l4xx_it.o
        68         12         72          4          0     824849   system_stm32l4xx.o
      1438        122          0         60        240      16319   tasks.o
       152         36          0          0         64       1614   tim.o
       320         66          0          0        240       2983   usart.o
       440         40          0          8       1056       5239   user_mb_app_m.o

    ----------------------------------------------------------------------
     16312       1682       1200        332      28832    1080126   Object Totals
         0          0         32          0          0          0   (incl. Generated)
        38          0          3          3          3          0   (incl. Padding)

    ----------------------------------------------------------------------

      Code (inc. data)   RO Data    RW Data    ZI Data      Debug   Library Member Name

        86          0          0          0          0          0   __dczerorl2.o
         0          0          0          0          0          0   entry.o
         0          0          0          0          0          0   entry10a.o
         0          0          0          0          0          0   entry11a.o
         8          4          0          0          0          0   entry2.o
         4          0          0          0          0          0   entry5.o
         0          0          0          0          0          0   entry7b.o
         0          0          0          0          0          0   entry8b.o
         8          4          0          0          0          0   entry9a.o
        30          0          0          0          0          0   handlers.o
        36          8          0          0          0         68   init.o
        30          0          0          0          0         68   llshl.o
        32          0          0          0          0         68   llushr.o
        36          0          0          0          0         68   memcpya.o
       742         56          0          0          0        184   printf5.o
         0          0          0          4          0          0   stdout.o
       104          0          0          0          0         92   uldiv.o

    ----------------------------------------------------------------------
      1124         72          0          4          0        548   Library Totals
         8          0          0          0          0          0   (incl. Padding)

    ----------------------------------------------------------------------

      Code (inc. data)   RO Data    RW Data    ZI Data      Debug   Library Name

      1116         72          0          4          0        548   mc_w.l

    ----------------------------------------------------------------------
      1124         72          0          4          0        548   Library Totals

    ----------------------------------------------------------------------

==============================================================================


      Code (inc. data)   RO Data    RW Data    ZI Data      Debug   

     17436       1754       1200        336      28832    1062950   Grand Totals
     17436       1754       1200         72      28832    1062950   ELF Image Totals (compressed)
     17436       1754       1200         72          0          0   ROM Totals

==============================================================================

    Total RO  Size (Code + RO Data)                18636 (  18.20kB)
    Total RW  Size (RW Data + ZI Data)             29168 (  28.48kB)
    Total ROM Size (Code + RO Data + RW Data)      18708 (  18.27kB)

==============================================================================

