<html>
<body>
<pre>
<h1>µVision Build Log</h1>
<h2>Project:</h2>
C:\Users\Administrator\Desktop\STM32¿âÒÆÖ²Ä£°å\project\PROJTCT.uvproj
Project File Date:  05/20/2016

<h2>Output:</h2>
Build target 'Target 1'
compiling system_stm32f10x.c...
linking...
Program Size: Code=820 RO-data=268 RW-data=20 ZI-data=1636  
FromELF: creating hex file...
"..\output\PROJTCT.axf" - 0 Error(s), 0 Warning(s).
ge symbols.
Finished: 1 information, 0 warning and 1 error messages.
"..\output\PROJTCT.axf" - 1 Error(s), 0 Warning(s).
Target not created
).
Target not created
